03-05 17:22:42.376 26827 26885 D com.disha.quickride.androidapp.startup.session.SessionManager: Performing session change operation on com.disha.quickride.androidapp.ridemgmt.RideMgmtModuleSessionHandler@bd17658
03-05 17:22:42.373 26827 26885 D com.disha.quickride.androidapp.startup.session.SessionManager: Performing session change operation on com.disha.quickride.androidapp.event.EventModuleSessionManager@7c021ca
03-05 17:22:42.376 26827 26885 I com.disha.quickride.androidapp.ridemgmt.RideMgmtModuleSessionHandler: resumeBasicUserSession
03-05 17:22:42.376 26827 26885 D com.disha.quickride.androidapp.startup.session.SessionManager: Performing session change operation on com.disha.quickride.androidapp.ridemgmt.RideMgmtModuleSessionHandler@bd17658
03-05 17:22:42.376 26827 26885 I com.disha.quickride.androidapp.ridemgmt.RideMgmtModuleSessionHandler: resumeBasicUserSession
03-05 17:22:42.469 26827 26885 D com.disha.quickride.androidapp.notification.GcmKeepAliveTask: Sending heart beat to keep GCM connection alive
03-05 17:22:42.469 26827 26885 D com.disha.quickride.androidapp.notification.GcmKeepAliveTask: Sending heart beat to keep GCM connection alive
03-05 17:22:42.471 26827 26885 D com.disha.quickride.androidapp.common.AndroidRestClient.AndroidClientLogger: RestClient.callService with httpRequestMethod =  GET
03-05 17:22:42.471 26827 26885 D com.disha.quickride.androidapp.common.AndroidRestClient.AndroidClientLogger: RestClient.callService with httpRequestMethod =  GET
03-05 17:22:42.565 26827 26897 D com.disha.quickride.androidapp.common.AndroidRestClient.AndroidClientLogger: RestClient.callService response code :  200
03-05 17:22:42.565 26827 26897 D com.disha.quickride.androidapp.common.AndroidRestClient.AndroidClientLogger: RestClient.callService response code :  200
03-05 17:22:42.747 26827 26885 D com.disha.quickride.androidapp.common.AndroidRestClient.AndroidClientLogger: RestClient.callService response code :  200
03-05 17:22:42.747 26827 26885 D com.disha.quickride.androidapp.common.AndroidRestClient.AndroidClientLogger: RestClient.callService response code :  200
03-05 17:22:43.800 26827 26885 I com.disha.quickride.androidapp.rideview.location.LocationChangeListener: checking if location update is required based on ride start time
03-05 17:22:43.800 26827 26885 I com.disha.quickride.androidapp.rideview.location.LocationChangeListener: checking if location update is required based on ride start time
03-05 17:22:43.800 26827 26885 I com.disha.quickride.androidapp.myrides.cache.MyActiveRidesCache: checking earliest ride starting time
03-05 17:22:43.800 26827 26885 I com.disha.quickride.androidapp.myrides.cache.MyActiveRidesCache: checking earliest ride starting time
03-05 17:22:43.806 26827 26885 D com.disha.quickride.androidapp.rideview.location.LocationChangeListener: Service running status : false
03-05 17:22:43.806 26827 26885 D com.disha.quickride.androidapp.rideview.location.LocationChangeListener: Service running status : false
03-05 17:22:43.806 26827 26885 D com.disha.quickride.androidapp.myrides.cache.MyClosedRidesCache: Loading closed rides from local database
03-05 17:22:43.806 26827 26885 D com.disha.quickride.androidapp.myrides.cache.MyClosedRidesCache: Loading closed rides from local database
03-05 17:22:43.808 26827 26875 W Fabric  : Could not call getId on com.google.android.gms.ads.identifier.AdvertisingIdClient$Info
03-05 17:22:43.808 26827 26875 W Fabric  : Could not call isLimitAdTrackingEnabled on com.google.android.gms.ads.identifier.AdvertisingIdClient$Info
03-05 17:22:43.808 26827 26875 W Fabric  : Could not call getId on com.google.android.gms.ads.identifier.AdvertisingIdClient$Info
03-05 17:22:43.808 26827 26875 W Fabric  : Could not call isLimitAdTrackingEnabled on com.google.android.gms.ads.identifier.AdvertisingIdClient$Info
03-05 17:22:43.811 26827 26863 W Fabric  : Could not call getId on com.google.android.gms.ads.identifier.AdvertisingIdClient$Info
03-05 17:22:43.811 26827 26863 W Fabric  : Could not call isLimitAdTrackingEnabled on com.google.android.gms.ads.identifier.AdvertisingIdClient$Info
03-05 17:22:43.811 26827 26863 W Fabric  : Could not call getId on com.google.android.gms.ads.identifier.AdvertisingIdClient$Info
03-05 17:22:43.811 26827 26863 W Fabric  : Could not call isLimitAdTrackingEnabled on com.google.android.gms.ads.identifier.AdvertisingIdClient$Info
03-05 17:22:43.812 26827 26832 I art     : Do full code cache collection, code=125KB, data=118KB
03-05 17:22:43.812 26827 26832 I art     : Do full code cache collection, code=125KB, data=118KB
03-05 17:22:43.813 26827 26832 I art     : Starting a blocking GC JitCodeCache
03-05 17:22:43.813 26827 26832 I art     : After code cache collection, code=110KB, data=93KB
03-05 17:22:43.813 26827 26832 I art     : Starting a blocking GC JitCodeCache
03-05 17:22:43.813 26827 26832 I art     : After code cache collection, code=110KB, data=93KB
03-05 17:22:43.814 26827 26885 D com.disha.quickride.androidapp.myrides.cache.MyCompletedRidesCachePersistenceHelper: getting all rider rides from databse
03-05 17:22:43.814 26827 26885 D com.disha.quickride.androidapp.myrides.cache.MyCompletedRidesCachePersistenceHelper: getting all rider rides from databse
03-05 17:22:43.819 26827 26885 D com.disha.quickride.androidapp.myrides.cache.MyCompletedRidesCachePersistenceHelper: getting all passenger rides
03-05 17:22:43.819 26827 26885 D com.disha.quickride.androidapp.myrides.cache.MyCompletedRidesCachePersistenceHelper: getting all passenger rides
03-05 17:22:43.833 26827 26885 D com.disha.quickride.androidapp.myrides.cache.MyCompletedRidesCachePersistenceHelper: getting all regular passenger rides
03-05 17:22:43.833 26827 26885 D com.disha.quickride.androidapp.myrides.cache.MyCompletedRidesCachePersistenceHelper: getting all regular passenger rides
03-05 17:22:43.838 26827 26885 D com.disha.quickride.androidapp.myrides.cache.MyCompletedRidesCachePersistenceHelper: getting all regular passenger rides
03-05 17:22:43.838 26827 26885 D com.disha.quickride.androidapp.myrides.cache.MyCompletedRidesCachePersistenceHelper: getting all regular passenger rides
03-05 17:22:47.062 26827 26885 I com.disha.quickride.androidapp.usermgmt.cache.UserDataCache: getting of user name
03-05 17:22:47.062 26827 26885 I com.disha.quickride.androidapp.usermgmt.cache.UserDataCache: getting of user name
03-05 17:22:47.063 26827 26885 D com.disha.quickride.androidapp.startup.session.SessionManagerController: Session change operation completed successfully
03-05 17:22:47.063 26827 26885 D com.disha.quickride.androidapp.startup.session.SessionManagerController: Session change operation completed successfully
03-05 17:22:47.063 26827 26885 D com.disha.quickride.androidapp.startup.session.SessionSetupAsyncTask: Session change operation completed successfully
03-05 17:22:47.063 26827 26885 D com.disha.quickride.androidapp.startup.session.SessionSetupAsyncTask: Session change operation completed successfully
03-05 17:22:47.066 26827 26885 D com.disha.quickride.androidapp.startup.session.SessionManagerController: Stopping WatchdogService
03-05 17:22:47.066 26827 26885 D com.disha.quickride.androidapp.startup.session.SessionManagerController: Stopping WatchdogService
03-05 17:22:47.067 26827 26885 D com.disha.quickride.androidapp.startup.session.SessionManagerController: Cancelling alarm that was set to check watchdog service
03-05 17:22:47.067 26827 26885 D com.disha.quickride.androidapp.startup.session.SessionManagerController: Cancelling alarm that was set to check watchdog service
03-05 17:22:47.079 26827 26885 D com.disha.quickride.androidapp.startup.session.SessionSetupAsyncTask: Session change operation took 5660 ms
03-05 17:22:47.079 26827 26885 D com.disha.quickride.androidapp.startup.session.SessionSetupAsyncTask: Session change operation took 5660 ms
03-05 17:23:37.323 26827 26906 D com.disha.quickride.androidapp.event.EventModuleSessionManager: Resuming complete user session
03-05 17:23:37.323 26827 26906 D com.disha.quickride.androidapp.event.EventModuleSessionManager: Resuming complete user session
03-05 17:23:37.390 26827 26906 D com.disha.quickride.androidapp.event.EventServicePersistenceHelper: Purging old messages with condition : time <= 1551765217323
03-05 17:23:37.390 26827 26906 D com.disha.quickride.androidapp.event.EventServicePersistenceHelper: Purging old messages with condition : time <= 1551765217323
03-05 17:23:37.391 26827 26906 D com.disha.quickride.androidapp.event.EventServicePersistenceHelper: No of old messages purged : 0
03-05 17:23:37.391 26827 26906 D com.disha.quickride.androidapp.event.EventServicePersistenceHelper: No of old messages purged : 0
03-05 17:23:37.400 26827 26906 D com.disha.quickride.androidapp.event.EventServicePersistenceHelper: 0 messages read from persistence
03-05 17:23:37.400 26827 26906 D com.disha.quickride.androidapp.event.EventServicePersistenceHelper: 0 messages read from persistence
03-05 17:23:37.400 26827 26906 D com.disha.quickride.androidapp.event.RideMgmtEventServiceProxy: Initializing unprocessed messages from persistence
03-05 17:23:37.400 26827 26906 D com.disha.quickride.androidapp.event.RideMgmtEventServiceProxy: Initializing unprocessed messages from persistence
03-05 17:23:37.408 26827 26906 D com.disha.quickride.androidapp.event.EventServicePersistenceHelper: 0 unprocessed messages read from persistence
03-05 17:23:37.408 26827 26906 D com.disha.quickride.androidapp.event.EventServicePersistenceHelper: 0 unprocessed messages read from persistence
03-05 17:23:37.415 26827 26906 D com.disha.quickride.androidapp.event.EventServicePersistenceHelper: Purging old messages with condition : time <= 1551765217409
03-05 17:23:37.415 26827 26906 D com.disha.quickride.androidapp.event.EventServicePersistenceHelper: Purging old messages with condition : time <= 1551765217409
03-05 17:23:37.416 26827 26906 D com.disha.quickride.androidapp.event.EventServicePersistenceHelper: No of old messages purged : 0
03-05 17:23:37.416 26827 26906 D com.disha.quickride.androidapp.event.EventServicePersistenceHelper: No of old messages purged : 0
03-05 17:23:37.424 26827 26906 D com.disha.quickride.androidapp.event.EventServicePersistenceHelper: 0 messages read from persistence
03-05 17:23:37.424 26827 26906 D com.disha.quickride.androidapp.event.LocationUpdateEventServiceProxy: Initializing unprocessed messages from persistence
03-05 17:23:37.424 26827 26906 D com.disha.quickride.androidapp.event.EventServicePersistenceHelper: 0 messages read from persistence
03-05 17:23:37.424 26827 26906 D com.disha.quickride.androidapp.event.LocationUpdateEventServiceProxy: Initializing unprocessed messages from persistence
03-05 17:23:37.432 26827 26906 D com.disha.quickride.androidapp.event.EventServicePersistenceHelper: 0 unprocessed messages read from persistence
03-05 17:23:37.432 26827 26906 D com.disha.quickride.androidapp.event.EventServicePersistenceHelper: 0 unprocessed messages read from persistence
03-05 17:23:37.433 26827 26906 D com.disha.quickride.androidapp.usermgmt.UserMessageListener: subscribeToUserMsgUpdates
03-05 17:23:37.433 26827 26906 D com.disha.quickride.androidapp.event.RideMgmtEventServiceProxy: Adding topic name to subscriptions queue :userMsg/80505594696653
03-05 17:23:37.433 26827 26906 D com.disha.quickride.androidapp.usermgmt.UserMessageListener: subscribeToUserMsgUpdates
03-05 17:23:37.433 26827 26906 D com.disha.quickride.androidapp.event.RideMgmtEventServiceProxy: Adding topic name to subscriptions queue :userMsg/80505594696653
03-05 17:23:37.434 26827 26906 D com.disha.quickride.androidapp.event.EventModuleSessionManager: Establishing event service connection
03-05 17:23:37.434 26827 26906 D com.disha.quickride.androidapp.event.RideMgmtEventServiceProxy: Entering dispatchAllMessagesArrivedBeforeSessionWasInitialized
03-05 17:23:37.434 26827 26906 D com.disha.quickride.androidapp.event.EventModuleSessionManager: Establishing event service connection
03-05 17:23:37.434 26827 26906 D com.disha.quickride.androidapp.event.RideMgmtEventServiceProxy: Entering dispatchAllMessagesArrivedBeforeSessionWasInitialized
03-05 17:23:37.436 26827 26915 D com.disha.quickride.androidapp.event.InitialMessagesDispatchTask: Dispatching initial messages
03-05 17:23:37.436 26827 26915 D com.disha.quickride.androidapp.event.InitialMessagesDispatchTask: Dispatching initial messages
03-05 17:23:37.436 26827 26906 D com.disha.quickride.androidapp.event.LocationUpdateEventServiceProxy: Entering dispatchAllMessagesArrivedBeforeSessionWasInitialized
03-05 17:23:37.436 26827 26906 D com.disha.quickride.androidapp.event.LocationUpdateEventServiceProxy: Entering dispatchAllMessagesArrivedBeforeSessionWasInitialized
03-05 17:23:37.437 26827 26917 D com.disha.quickride.androidapp.event.InitialMessagesDispatchTask: Dispatching initial messages
03-05 17:23:37.437 26827 26917 D com.disha.quickride.androidapp.event.InitialMessagesDispatchTask: Dispatching initial messages
03-05 17:23:37.455 26827 26906 I com.disha.quickride.androidapp.ridemgmt.RideManagementMqttProxy: subscribing to topic of existing rides
03-05 17:23:37.455 26827 26906 I com.disha.quickride.androidapp.ridemgmt.RideManagementMqttProxy: subscribing to topic of existing rides
03-05 17:23:37.455 26827 26906 I com.disha.quickride.androidapp.ridemgmt.RideManagementMqttProxy: subscribing to topic of existing rider rides
03-05 17:23:37.455 26827 26906 I com.disha.quickride.androidapp.ridemgmt.RideManagementMqttProxy: subscribing to topic of existing rider rides
03-05 17:23:37.455 26827 26906 D com.disha.quickride.androidapp.groupchat.RideGroupChatMqttListener: Subscribing to collection of rides
03-05 17:23:37.455 26827 26906 D com.disha.quickride.androidapp.groupchat.RideGroupChatMqttListener: Subscribing to collection of rides
03-05 17:23:37.455 26827 26906 I com.disha.quickride.androidapp.ridemgmt.RideManagementMqttProxy: subscribing to topic of existing passenger rides
03-05 17:23:37.455 26827 26906 I com.disha.quickride.androidapp.ridemgmt.RideManagementMqttProxy: subscribing to topic of existing passenger rides
03-05 17:23:37.455 26827 26906 D com.disha.quickride.androidapp.groupchat.RideGroupChatMqttListener: Subscribing to collection of rides
03-05 17:23:37.455 26827 26906 D com.disha.quickride.androidapp.groupchat.RideGroupChatMqttListener: Subscribing to collection of rides
03-05 17:23:37.457 26827 26919 D com.disha.quickride.androidapp.notification.GcmKeepAliveTask: Sending heart beat to keep GCM connection alive
03-05 17:23:37.457 26827 26919 D com.disha.quickride.androidapp.notification.GcmKeepAliveTask: Sending heart beat to keep GCM connection alive
03-05 17:23:37.469 26827 26919 D com.disha.quickride.androidapp.common.AndroidRestClient.AndroidClientLogger: RestClient.callService with httpRequestMethod =  GET
03-05 17:23:37.469 26827 26919 D com.disha.quickride.androidapp.common.AndroidRestClient.AndroidClientLogger: RestClient.callService with httpRequestMethod =  GET
03-05 17:23:37.812 26827 26919 D com.disha.quickride.androidapp.common.AndroidRestClient.AndroidClientLogger: RestClient.callService response code :  200
03-05 17:23:37.812 26827 26919 D com.disha.quickride.androidapp.common.AndroidRestClient.AndroidClientLogger: RestClient.callService response code :  200
03-05 17:25:58.704 26827 26858 D com.facebook.FacebookSdk: getGraphApiVersion: v3.0
03-05 17:25:58.704 26827 26858 D com.facebook.FacebookSdk: getGraphApiVersion: v3.0
03-05 17:47:05.666 26827 26895 V NativeCrypto: SSL shutdown failed: ssl=0x7f73739188: I/O error during system call, Software caused connection abort
03-05 17:47:05.666 26827 26895 V NativeCrypto: SSL shutdown failed: ssl=0x7f73739188: I/O error during system call, Software caused connection abort
03-05 17:47:05.844 26827 26895 V NativeCrypto: SSL shutdown failed: ssl=0x7f73739548: I/O error during system call, Software caused connection abort
03-05 17:47:05.844 26827 26895 V NativeCrypto: SSL shutdown failed: ssl=0x7f73739548: I/O error during system call, Software caused connection abort
03-05 17:47:10.065 26827 26895 V NativeCrypto: SSL shutdown failed: ssl=0x7f7373a988: I/O error during system call, Software caused connection abort
03-05 17:47:10.065 26827 26895 V NativeCrypto: SSL shutdown failed: ssl=0x7f7373a988: I/O error during system call, Software caused connection abort
03-05 17:47:20.746 26827 26895 V NativeCrypto: SSL shutdown failed: ssl=0x7f7373b348: I/O error during system call, Software caused connection abort
03-05 17:47:20.746 26827 26895 V NativeCrypto: SSL shutdown failed: ssl=0x7f7373b348: I/O error during system call, Software caused connection abort
--------- beginning of main
03-06 08:41:23.634 10836 10836 D TidaProvider: TidaProvider()
03-06 08:41:23.649 10836 10836 W ReflectionUtils: 
03-06 08:41:23.649 10836 10836 W ReflectionUtils: java.lang.NoSuchMethodException: android.os.MessageQueue#enableMonitor()#bestmatch
03-06 08:41:23.649 10836 10836 W ReflectionUtils: 	at miui.util.ReflectionUtils.findMethodBestMatch(ReflectionUtils.java:338)
03-06 08:41:23.649 10836 10836 W ReflectionUtils: 	at miui.util.ReflectionUtils.findMethodBestMatch(ReflectionUtils.java:375)
03-06 08:41:23.649 10836 10836 W ReflectionUtils: 	at miui.util.ReflectionUtils.callMethod(ReflectionUtils.java:800)
03-06 08:41:23.649 10836 10836 W ReflectionUtils: 	at miui.util.ReflectionUtils.tryCallMethod(ReflectionUtils.java:818)
03-06 08:41:23.649 10836 10836 W ReflectionUtils: 	at android.os.BaseLooper.enableMonitor(BaseLooper.java:47)
03-06 08:41:23.649 10836 10836 W ReflectionUtils: 	at android.os.Looper.prepareMainLooper(Looper.java:112)
03-06 08:41:23.649 10836 10836 W ReflectionUtils: 	at android.app.ActivityThread.main(ActivityThread.java:6221)
03-06 08:41:23.649 10836 10836 W ReflectionUtils: 	at java.lang.reflect.Method.invoke(Native Method)
03-06 08:41:23.649 10836 10836 W ReflectionUtils: 	at com.android.internal.os.ZygoteInit$MethodAndArgsCaller.run(ZygoteInit.java:904)
03-06 08:41:23.649 10836 10836 W ReflectionUtils: 	at com.android.internal.os.ZygoteInit.main(ZygoteInit.java:794)
03-06 08:41:23.650 10836 10836 V BoostFramework: BoostFramework() : mPerf = com.qualcomm.qti.Performance@cf15df2
03-06 08:41:23.716 10836 10836 I art     : Starting a blocking GC AddRemoveAppImageSpace
03-06 08:41:23.723 10836 10836 W System  : ClassLoader referenced unknown path: /data/app/com.disha.quickride-2/lib/arm64
03-06 08:41:23.728 10836 10836 W ResourceType: No package identifier when getting name for resource number 0x00000000
03-06 08:41:23.856 10836 10836 D com.disha.quickride.androidapp.startup.QuickRideApplication: QuickRideApplication is instantiated
03-06 08:41:23.860 10836 10836 I MultiDex: VM with version 2.1.0 has multidex support
03-06 08:41:23.860 10836 10836 I MultiDex: Installing application
03-06 08:41:23.860 10836 10836 I MultiDex: VM has multidex support, MultiDex support library is disabled.
03-06 08:41:23.860 10836 10836 I MultiDex: Installing application
03-06 08:41:23.860 10836 10836 I MultiDex: VM has multidex support, MultiDex support library is disabled.
03-06 08:41:24.021 10836 10836 D FirebaseApp: com.google.firebase.auth.FirebaseAuth is not linked. Skipping initialization.
03-06 08:41:24.022 10836 10836 D FirebaseApp: com.google.firebase.crash.FirebaseCrash is not linked. Skipping initialization.
03-06 08:41:24.023 10836 10836 I FirebaseInitProvider: FirebaseApp initialization successful
03-06 08:41:24.065 10836 10861 I FA      : App measurement is starting up, version: 14711
03-06 08:41:24.066 10836 10861 I FA      : To enable debug logging run: adb shell setprop log.tag.FA VERBOSE
03-06 08:41:24.066 10836 10861 I FA      : To enable faster debug mode event logging run:
03-06 08:41:24.066 10836 10861 I FA      :   adb shell setprop debug.firebase.analytics.app com.disha.quickride
03-06 08:41:24.067 10836 10865 D com.facebook.FacebookSdk: getGraphApiVersion: v3.0
03-06 08:41:24.071 10836 10865 D NetworkSecurityConfig: No Network Security Config specified, using platform default
03-06 08:41:24.101 10836 10836 D com.disha.quickride.androidapp.startup.QuickRideApplication: QuickRideApplication is created
03-06 08:41:24.107 10836 10836 D com.disha.quickride.androidapp.startup.QuickRideApplication: enabled https protocols null
03-06 08:41:24.141 10836 10836 I Fabric  : Initializing Crashlytics 2.2.2.37
03-06 08:41:24.161 10836 10891 W Fabric  : Could not call getId on com.google.android.gms.ads.identifier.AdvertisingIdClient$Info
03-06 08:41:24.161 10836 10891 W Fabric  : Could not call isLimitAdTrackingEnabled on com.google.android.gms.ads.identifier.AdvertisingIdClient$Info
03-06 08:41:24.164 10836 10836 I GAv4    : Google Analytics 12.4.51 is starting up. To enable debug logging on a device run:
03-06 08:41:24.164 10836 10836 I GAv4    :   adb shell setprop log.tag.GAv4 DEBUG
03-06 08:41:24.164 10836 10836 I GAv4    :   adb logcat -s GAv4
03-06 08:41:24.206 10836 10836 D com.disha.quickride.androidapp.startup.QuickRideApplication: Initializing Session Manager
03-06 08:41:24.208 10836 10899 D com.disha.quickride.androidapp.startup.session.SessionManagerController: Resuming user session
03-06 08:41:24.208 10836 10899 D com.disha.quickride.androidapp.startup.session.SessionManager: Entering createNewSessionManager
03-06 08:41:24.219 10836 10836 W DynamiteModule: Local module descriptor class for providerinstaller not found.
03-06 08:41:24.221 10836 10899 D com.disha.quickride.androidapp.startup.session.SessionManager: Found Persistent session for user 80505594696653
03-06 08:41:24.221 10836 10899 D com.disha.quickride.androidapp.startup.session.SessionManager: Entering onResumeUserSession
03-06 08:41:24.221 10836 10899 D com.disha.quickride.androidapp.startup.session.SessionManager: Performing session change operation on com.disha.quickride.androidapp.common.serverConfig.ClientConfigurationModuleSessionManager@4d066ae
03-06 08:41:24.221 10836 10899 D com.disha.quickride.androidapp.common.serverConfig.ClientConfigurationModuleSessionManager: Resuming basic user session
03-06 08:41:24.226 10836 10836 I DynamiteModule: Considering local module providerinstaller:0 and remote module providerinstaller:0
03-06 08:41:24.226 10836 10836 W ProviderInstaller: Failed to load providerinstaller module: No acceptable module found. Local version is 0 and remote version is 0.
03-06 08:41:24.231 10836 10899 D com.disha.quickride.androidapp.common.serverConfig.ConfigurationCache: locationMgmtEventBrokerURL = tcp://locevents.getquickride.com:1883
03-06 08:41:24.232 10836 10899 D com.disha.quickride.androidapp.startup.session.SessionManager: Performing session change operation on com.disha.quickride.androidapp.usermgmt.UserModuleSessionManager@40fce61
03-06 08:41:24.232 10836 10899 D com.disha.quickride.androidapp.usermgmt.UserModuleSessionManager: Resume basic user session
03-06 08:41:24.242 10836 10899 W Java7Support: Unable to load JDK7 types (annotations, java.nio.file.Path): no Java7 support added
03-06 08:41:24.262 10836 10836 D ApplicationLoaders: ignored Vulkan layer search path /data/app/com.google.android.gms-1/lib/arm64:/data/app/com.google.android.gms-1/base.apk!/lib/arm64-v8a for namespace 0x7f85679160
03-06 08:41:24.262 10836 10836 W ResourceType: No package identifier when getting name for resource number 0x00000000
03-06 08:41:24.283 10836 10836 V NativeCrypto: Registering com/google/android/gms/org/conscrypt/NativeCrypto's 287 native methods...
--------- beginning of main
03-06 08:41:23.634 10836 10836 D TidaProvider: TidaProvider()
03-06 08:41:23.649 10836 10836 W ReflectionUtils: 
03-06 08:41:23.649 10836 10836 W ReflectionUtils: java.lang.NoSuchMethodException: android.os.MessageQueue#enableMonitor()#bestmatch
03-06 08:41:23.649 10836 10836 W ReflectionUtils: 	at miui.util.ReflectionUtils.findMethodBestMatch(ReflectionUtils.java:338)
03-06 08:41:23.649 10836 10836 W ReflectionUtils: 	at miui.util.ReflectionUtils.findMethodBestMatch(ReflectionUtils.java:375)
03-06 08:41:23.649 10836 10836 W ReflectionUtils: 	at miui.util.ReflectionUtils.callMethod(ReflectionUtils.java:800)
03-06 08:41:23.649 10836 10836 W ReflectionUtils: 	at miui.util.ReflectionUtils.tryCallMethod(ReflectionUtils.java:818)
03-06 08:41:23.649 10836 10836 W ReflectionUtils: 	at android.os.BaseLooper.enableMonitor(BaseLooper.java:47)
03-06 08:41:23.649 10836 10836 W ReflectionUtils: 	at android.os.Looper.prepareMainLooper(Looper.java:112)
03-06 08:41:23.649 10836 10836 W ReflectionUtils: 	at android.app.ActivityThread.main(ActivityThread.java:6221)
03-06 08:41:23.649 10836 10836 W ReflectionUtils: 	at java.lang.reflect.Method.invoke(Native Method)
03-06 08:41:23.649 10836 10836 W ReflectionUtils: 	at com.android.internal.os.ZygoteInit$MethodAndArgsCaller.run(ZygoteInit.java:904)
03-06 08:41:23.649 10836 10836 W ReflectionUtils: 	at com.android.internal.os.ZygoteInit.main(ZygoteInit.java:794)
03-06 08:41:23.650 10836 10836 V BoostFramework: BoostFramework() : mPerf = com.qualcomm.qti.Performance@cf15df2
03-06 08:41:23.716 10836 10836 I art     : Starting a blocking GC AddRemoveAppImageSpace
03-06 08:41:24.315 10836 10836 I ProviderInstaller: Installed default security provider GmsCore_OpenSSL
03-06 08:41:23.723 10836 10836 W System  : ClassLoader referenced unknown path: /data/app/com.disha.quickride-2/lib/arm64
03-06 08:41:24.332 10836 10836 E FirebaseInstanceId: Error while delivering the message: ServiceIntent not found.
03-06 08:41:23.728 10836 10836 W ResourceType: No package identifier when getting name for resource number 0x00000000
03-06 08:41:23.856 10836 10836 D com.disha.quickride.androidapp.startup.QuickRideApplication: QuickRideApplication is instantiated
03-06 08:41:23.860 10836 10836 I MultiDex: VM with version 2.1.0 has multidex support
03-06 08:41:23.860 10836 10836 I MultiDex: Installing application
03-06 08:41:23.860 10836 10836 I MultiDex: VM has multidex support, MultiDex support library is disabled.
03-06 08:41:23.860 10836 10836 I MultiDex: Installing application
03-06 08:41:23.860 10836 10836 I MultiDex: VM has multidex support, MultiDex support library is disabled.
03-06 08:41:24.021 10836 10836 D FirebaseApp: com.google.firebase.auth.FirebaseAuth is not linked. Skipping initialization.
03-06 08:41:24.022 10836 10836 D FirebaseApp: com.google.firebase.crash.FirebaseCrash is not linked. Skipping initialization.
03-06 08:41:24.023 10836 10836 I FirebaseInitProvider: FirebaseApp initialization successful
03-06 08:41:24.065 10836 10861 I FA      : App measurement is starting up, version: 14711
03-06 08:41:24.066 10836 10861 I FA      : To enable debug logging run: adb shell setprop log.tag.FA VERBOSE
03-06 08:41:24.066 10836 10861 I FA      : To enable faster debug mode event logging run:
03-06 08:41:24.066 10836 10861 I FA      :   adb shell setprop debug.firebase.analytics.app com.disha.quickride
03-06 08:41:24.067 10836 10865 D com.facebook.FacebookSdk: getGraphApiVersion: v3.0
03-06 08:41:24.071 10836 10865 D NetworkSecurityConfig: No Network Security Config specified, using platform default
03-06 08:41:24.439 10836 10868 D com.facebook.FacebookSdk: getGraphApiVersion: v3.0
03-06 08:41:24.101 10836 10836 D com.disha.quickride.androidapp.startup.QuickRideApplication: QuickRideApplication is created
03-06 08:41:24.107 10836 10836 D com.disha.quickride.androidapp.startup.QuickRideApplication: enabled https protocols null
03-06 08:41:24.462 10836 10908 D com.disha.quickride.androidapp.notification.GcmKeepAliveTask: Sending heart beat to keep GCM connection alive
03-06 08:41:24.141 10836 10836 I Fabric  : Initializing Crashlytics 2.2.2.37
03-06 08:41:24.161 10836 10891 W Fabric  : Could not call getId on com.google.android.gms.ads.identifier.AdvertisingIdClient$Info
03-06 08:41:24.161 10836 10891 W Fabric  : Could not call isLimitAdTrackingEnabled on com.google.android.gms.ads.identifier.AdvertisingIdClient$Info
03-06 08:41:24.164 10836 10836 I GAv4    : Google Analytics 12.4.51 is starting up. To enable debug logging on a device run:
03-06 08:41:24.164 10836 10836 I GAv4    :   adb shell setprop log.tag.GAv4 DEBUG
03-06 08:41:24.164 10836 10836 I GAv4    :   adb logcat -s GAv4
03-06 08:41:24.206 10836 10836 D com.disha.quickride.androidapp.startup.QuickRideApplication: Initializing Session Manager
03-06 08:41:24.208 10836 10899 D com.disha.quickride.androidapp.startup.session.SessionManagerController: Resuming user session
03-06 08:41:24.208 10836 10899 D com.disha.quickride.androidapp.startup.session.SessionManager: Entering createNewSessionManager
03-06 08:41:24.219 10836 10836 W DynamiteModule: Local module descriptor class for providerinstaller not found.
03-06 08:41:24.221 10836 10899 D com.disha.quickride.androidapp.startup.session.SessionManager: Found Persistent session for user 80505594696653
03-06 08:41:24.221 10836 10899 D com.disha.quickride.androidapp.startup.session.SessionManager: Entering onResumeUserSession
03-06 08:41:24.221 10836 10899 D com.disha.quickride.androidapp.startup.session.SessionManager: Performing session change operation on com.disha.quickride.androidapp.common.serverConfig.ClientConfigurationModuleSessionManager@4d066ae
03-06 08:41:24.221 10836 10899 D com.disha.quickride.androidapp.common.serverConfig.ClientConfigurationModuleSessionManager: Resuming basic user session
03-06 08:41:24.226 10836 10836 I DynamiteModule: Considering local module providerinstaller:0 and remote module providerinstaller:0
03-06 08:41:24.226 10836 10836 W ProviderInstaller: Failed to load providerinstaller module: No acceptable module found. Local version is 0 and remote version is 0.
03-06 08:41:24.231 10836 10899 D com.disha.quickride.androidapp.common.serverConfig.ConfigurationCache: locationMgmtEventBrokerURL = tcp://locevents.getquickride.com:1883
03-06 08:41:24.232 10836 10899 D com.disha.quickride.androidapp.startup.session.SessionManager: Performing session change operation on com.disha.quickride.androidapp.usermgmt.UserModuleSessionManager@40fce61
03-06 08:41:24.232 10836 10899 D com.disha.quickride.androidapp.usermgmt.UserModuleSessionManager: Resume basic user session
03-06 08:41:24.242 10836 10899 W Java7Support: Unable to load JDK7 types (annotations, java.nio.file.Path): no Java7 support added
03-06 08:41:24.262 10836 10836 D ApplicationLoaders: ignored Vulkan layer search path /data/app/com.google.android.gms-1/lib/arm64:/data/app/com.google.android.gms-1/base.apk!/lib/arm64-v8a for namespace 0x7f85679160
03-06 08:41:24.262 10836 10836 W ResourceType: No package identifier when getting name for resource number 0x00000000
03-06 08:41:24.283 10836 10836 V NativeCrypto: Registering com/google/android/gms/org/conscrypt/NativeCrypto's 287 native methods...
03-06 08:41:24.315 10836 10836 I ProviderInstaller: Installed default security provider GmsCore_OpenSSL
03-06 08:41:24.332 10836 10836 E FirebaseInstanceId: Error while delivering the message: ServiceIntent not found.
03-06 08:41:24.439 10836 10868 D com.facebook.FacebookSdk: getGraphApiVersion: v3.0
03-06 08:41:24.462 10836 10908 D com.disha.quickride.androidapp.notification.GcmKeepAliveTask: Sending heart beat to keep GCM connection alive
03-06 08:41:24.483 10836 10908 D com.disha.quickride.androidapp.common.AndroidRestClient.AndroidClientLogger: RestClient.callService with httpRequestMethod =  GET
03-06 08:41:24.483 10836 10908 D com.disha.quickride.androidapp.common.AndroidRestClient.AndroidClientLogger: RestClient.callService with httpRequestMethod =  GET
03-06 08:41:24.650 10836 10841 I art     : Do partial code cache collection, code=18KB, data=30KB
03-06 08:41:24.650 10836 10841 I art     : Do partial code cache collection, code=18KB, data=30KB
03-06 08:41:24.650 10836 10841 I art     : After code cache collection, code=18KB, data=30KB
03-06 08:41:24.650 10836 10841 I art     : After code cache collection, code=18KB, data=30KB
03-06 08:41:24.650 10836 10841 I art     : Increasing code cache capacity to 128KB
03-06 08:41:24.650 10836 10841 I art     : Increasing code cache capacity to 128KB
03-06 08:41:24.780 10836 10865 D com.facebook.FacebookSdk: getGraphApiVersion: v3.0
03-06 08:41:24.780 10836 10865 D com.facebook.FacebookSdk: getGraphApiVersion: v3.0
03-06 08:41:24.895 10836 10908 D com.disha.quickride.androidapp.common.AndroidRestClient.AndroidClientLogger: RestClient.callService response code :  200
03-06 08:41:24.895 10836 10908 D com.disha.quickride.androidapp.common.AndroidRestClient.AndroidClientLogger: RestClient.callService response code :  200
03-06 08:41:24.913 10836 10841 I art     : Do partial code cache collection, code=60KB, data=61KB
03-06 08:41:24.913 10836 10841 I art     : Do partial code cache collection, code=60KB, data=61KB
03-06 08:41:24.916 10836 10841 I art     : After code cache collection, code=50KB, data=52KB
03-06 08:41:24.916 10836 10841 I art     : Increasing code cache capacity to 256KB
03-06 08:41:24.916 10836 10841 I art     : After code cache collection, code=50KB, data=52KB
03-06 08:41:24.916 10836 10841 I art     : Increasing code cache capacity to 256KB
03-06 08:41:25.006 10836 10912 D com.disha.quickride.androidapp.conversation.ConversationChatRestServiceClient: getPendingChatMessages80505594696653
03-06 08:41:25.006 10836 10912 D com.disha.quickride.androidapp.conversation.ConversationChatRestServiceClient: getPendingChatMessages80505594696653
03-06 08:41:25.008 10836 10912 D com.disha.quickride.androidapp.notification.GcmKeepAliveTask: Sending heart beat to keep GCM connection alive
03-06 08:41:25.008 10836 10912 D com.disha.quickride.androidapp.notification.GcmKeepAliveTask: Sending heart beat to keep GCM connection alive
03-06 08:41:25.033 10836 10912 D com.disha.quickride.androidapp.common.AndroidRestClient.AndroidClientLogger: RestClient.callService with httpRequestMethod =  GET
03-06 08:41:25.033 10836 10912 D com.disha.quickride.androidapp.common.AndroidRestClient.AndroidClientLogger: RestClient.callService with httpRequestMethod =  GET
03-06 08:41:25.115 10836 10899 D com.disha.quickride.androidapp.startup.session.SessionManager: Performing session change operation on com.disha.quickride.androidapp.event.EventModuleSessionManager@c9b47be
03-06 08:41:25.115 10836 10899 D com.disha.quickride.androidapp.startup.session.SessionManager: Performing session change operation on com.disha.quickride.androidapp.event.EventModuleSessionManager@c9b47be
03-06 08:41:25.117 10836 10899 D com.disha.quickride.androidapp.startup.session.SessionManager: Performing session change operation on com.disha.quickride.androidapp.ridemgmt.RideMgmtModuleSessionHandler@af0cf6c
03-06 08:41:25.117 10836 10899 I com.disha.quickride.androidapp.ridemgmt.RideMgmtModuleSessionHandler: resumeBasicUserSession
03-06 08:41:25.117 10836 10899 D com.disha.quickride.androidapp.startup.session.SessionManager: Performing session change operation on com.disha.quickride.androidapp.ridemgmt.RideMgmtModuleSessionHandler@af0cf6c
03-06 08:41:25.117 10836 10899 I com.disha.quickride.androidapp.ridemgmt.RideMgmtModuleSessionHandler: resumeBasicUserSession
03-06 08:41:25.229 10836 10899 D com.disha.quickride.androidapp.notification.GcmKeepAliveTask: Sending heart beat to keep GCM connection alive
03-06 08:41:25.229 10836 10899 D com.disha.quickride.androidapp.notification.GcmKeepAliveTask: Sending heart beat to keep GCM connection alive
03-06 08:41:25.232 10836 10899 D com.disha.quickride.androidapp.common.AndroidRestClient.AndroidClientLogger: RestClient.callService with httpRequestMethod =  GET
03-06 08:41:25.232 10836 10899 D com.disha.quickride.androidapp.common.AndroidRestClient.AndroidClientLogger: RestClient.callService with httpRequestMethod =  GET
03-06 08:41:25.344 10836 10912 D com.disha.quickride.androidapp.common.AndroidRestClient.AndroidClientLogger: RestClient.callService response code :  200
03-06 08:41:25.344 10836 10912 D com.disha.quickride.androidapp.common.AndroidRestClient.AndroidClientLogger: RestClient.callService response code :  200
03-06 08:41:25.433 10836 10916 W Fabric  : Could not call getId on com.google.android.gms.ads.identifier.AdvertisingIdClient$Info
03-06 08:41:25.433 10836 10916 W Fabric  : Could not call isLimitAdTrackingEnabled on com.google.android.gms.ads.identifier.AdvertisingIdClient$Info
03-06 08:41:25.433 10836 10916 W Fabric  : Could not call getId on com.google.android.gms.ads.identifier.AdvertisingIdClient$Info
03-06 08:41:25.433 10836 10916 W Fabric  : Could not call isLimitAdTrackingEnabled on com.google.android.gms.ads.identifier.AdvertisingIdClient$Info
03-06 08:41:25.442 10836 10918 W Fabric  : Could not call getId on com.google.android.gms.ads.identifier.AdvertisingIdClient$Info
03-06 08:41:25.442 10836 10918 W Fabric  : Could not call isLimitAdTrackingEnabled on com.google.android.gms.ads.identifier.AdvertisingIdClient$Info
03-06 08:41:25.442 10836 10918 W Fabric  : Could not call getId on com.google.android.gms.ads.identifier.AdvertisingIdClient$Info
03-06 08:41:25.442 10836 10918 W Fabric  : Could not call isLimitAdTrackingEnabled on com.google.android.gms.ads.identifier.AdvertisingIdClient$Info
03-06 08:41:25.536 10836 10899 D com.disha.quickride.androidapp.common.AndroidRestClient.AndroidClientLogger: RestClient.callService response code :  200
03-06 08:41:25.536 10836 10899 D com.disha.quickride.androidapp.common.AndroidRestClient.AndroidClientLogger: RestClient.callService response code :  200
03-06 08:41:25.813 10836 10899 I com.disha.quickride.androidapp.rideview.location.LocationChangeListener: checking if location update is required based on ride start time
03-06 08:41:25.813 10836 10899 I com.disha.quickride.androidapp.rideview.location.LocationChangeListener: checking if location update is required based on ride start time
03-06 08:41:25.814 10836 10899 I com.disha.quickride.androidapp.myrides.cache.MyActiveRidesCache: checking earliest ride starting time
03-06 08:41:25.814 10836 10899 I com.disha.quickride.androidapp.myrides.cache.MyActiveRidesCache: checking earliest ride starting time
03-06 08:41:25.820 10836 10899 D com.disha.quickride.androidapp.rideview.location.LocationChangeListener: Service running status : false
03-06 08:41:25.820 10836 10899 D com.disha.quickride.androidapp.rideview.location.LocationChangeListener: Service running status : false
03-06 08:41:25.820 10836 10899 D com.disha.quickride.androidapp.myrides.cache.MyClosedRidesCache: Loading closed rides from local database
03-06 08:41:25.820 10836 10899 D com.disha.quickride.androidapp.myrides.cache.MyClosedRidesCache: Loading closed rides from local database
03-06 08:41:25.827 10836 10899 D com.disha.quickride.androidapp.myrides.cache.MyCompletedRidesCachePersistenceHelper: getting all rider rides from databse
03-06 08:41:25.827 10836 10899 D com.disha.quickride.androidapp.myrides.cache.MyCompletedRidesCachePersistenceHelper: getting all rider rides from databse
03-06 08:41:25.831 10836 10899 D com.disha.quickride.androidapp.myrides.cache.MyCompletedRidesCachePersistenceHelper: getting all passenger rides
03-06 08:41:25.831 10836 10899 D com.disha.quickride.androidapp.myrides.cache.MyCompletedRidesCachePersistenceHelper: getting all passenger rides
03-06 08:41:25.843 10836 10899 D com.disha.quickride.androidapp.myrides.cache.MyCompletedRidesCachePersistenceHelper: getting all regular passenger rides
03-06 08:41:25.843 10836 10899 D com.disha.quickride.androidapp.myrides.cache.MyCompletedRidesCachePersistenceHelper: getting all regular passenger rides
03-06 08:41:25.848 10836 10899 D com.disha.quickride.androidapp.myrides.cache.MyCompletedRidesCachePersistenceHelper: getting all regular passenger rides
03-06 08:41:25.848 10836 10899 D com.disha.quickride.androidapp.myrides.cache.MyCompletedRidesCachePersistenceHelper: getting all regular passenger rides
03-06 08:41:25.870 10836 10899 I com.disha.quickride.androidapp.usermgmt.cache.UserDataCache: getting of user name
03-06 08:41:25.870 10836 10899 D com.disha.quickride.androidapp.startup.session.SessionManagerController: Session change operation completed successfully
03-06 08:41:25.870 10836 10899 D com.disha.quickride.androidapp.startup.session.SessionSetupAsyncTask: Session change operation completed successfully
03-06 08:41:25.870 10836 10899 I com.disha.quickride.androidapp.usermgmt.cache.UserDataCache: getting of user name
03-06 08:41:25.870 10836 10899 D com.disha.quickride.androidapp.startup.session.SessionManagerController: Session change operation completed successfully
03-06 08:41:25.870 10836 10899 D com.disha.quickride.androidapp.startup.session.SessionSetupAsyncTask: Session change operation completed successfully
03-06 08:41:25.872 10836 10899 D com.disha.quickride.androidapp.startup.session.SessionManagerController: Stopping WatchdogService
03-06 08:41:25.872 10836 10899 D com.disha.quickride.androidapp.startup.session.SessionManagerController: Stopping WatchdogService
03-06 08:41:25.874 10836 10899 D com.disha.quickride.androidapp.startup.session.SessionManagerController: Cancelling alarm that was set to check watchdog service
03-06 08:41:25.874 10836 10899 D com.disha.quickride.androidapp.startup.session.SessionManagerController: Cancelling alarm that was set to check watchdog service
03-06 08:41:25.881 10836 10899 D com.disha.quickride.androidapp.startup.session.SessionSetupAsyncTask: Session change operation took 1673 ms
03-06 08:41:25.881 10836 10899 D com.disha.quickride.androidapp.startup.session.SessionSetupAsyncTask: Session change operation took 1673 ms
03-06 08:41:28.870 10836 10920 D com.disha.quickride.androidapp.event.EventModuleSessionManager: Resuming complete user session
03-06 08:41:28.870 10836 10920 D com.disha.quickride.androidapp.event.EventModuleSessionManager: Resuming complete user session
03-06 08:41:28.889 10836 10920 D com.disha.quickride.androidapp.event.EventServicePersistenceHelper: Purging old messages with condition : time <= 1551820288870
03-06 08:41:28.889 10836 10920 D com.disha.quickride.androidapp.event.EventServicePersistenceHelper: Purging old messages with condition : time <= 1551820288870
03-06 08:41:28.891 10836 10920 D com.disha.quickride.androidapp.event.EventServicePersistenceHelper: No of old messages purged : 0
03-06 08:41:28.891 10836 10920 D com.disha.quickride.androidapp.event.EventServicePersistenceHelper: No of old messages purged : 0
03-06 08:41:28.900 10836 10920 D com.disha.quickride.androidapp.event.EventServicePersistenceHelper: 0 messages read from persistence
03-06 08:41:28.900 10836 10920 D com.disha.quickride.androidapp.event.EventServicePersistenceHelper: 0 messages read from persistence
03-06 08:41:28.900 10836 10920 D com.disha.quickride.androidapp.event.RideMgmtEventServiceProxy: Initializing unprocessed messages from persistence
03-06 08:41:28.900 10836 10920 D com.disha.quickride.androidapp.event.RideMgmtEventServiceProxy: Initializing unprocessed messages from persistence
03-06 08:41:28.909 10836 10920 D com.disha.quickride.androidapp.event.EventServicePersistenceHelper: 0 unprocessed messages read from persistence
03-06 08:41:28.909 10836 10920 D com.disha.quickride.androidapp.event.EventServicePersistenceHelper: 0 unprocessed messages read from persistence
03-06 08:41:28.916 10836 10920 D com.disha.quickride.androidapp.event.EventServicePersistenceHelper: Purging old messages with condition : time <= 1551820288910
03-06 08:41:28.916 10836 10920 D com.disha.quickride.androidapp.event.EventServicePersistenceHelper: Purging old messages with condition : time <= 1551820288910
03-06 08:41:28.918 10836 10920 D com.disha.quickride.androidapp.event.EventServicePersistenceHelper: No of old messages purged : 0
03-06 08:41:28.918 10836 10920 D com.disha.quickride.androidapp.event.EventServicePersistenceHelper: No of old messages purged : 0
03-06 08:41:28.928 10836 10920 D com.disha.quickride.androidapp.event.EventServicePersistenceHelper: 0 messages read from persistence
03-06 08:41:28.929 10836 10920 D com.disha.quickride.androidapp.event.LocationUpdateEventServiceProxy: Initializing unprocessed messages from persistence
03-06 08:41:28.928 10836 10920 D com.disha.quickride.androidapp.event.EventServicePersistenceHelper: 0 messages read from persistence
03-06 08:41:28.929 10836 10920 D com.disha.quickride.androidapp.event.LocationUpdateEventServiceProxy: Initializing unprocessed messages from persistence
03-06 08:41:28.937 10836 10920 D com.disha.quickride.androidapp.event.EventServicePersistenceHelper: 0 unprocessed messages read from persistence
03-06 08:41:28.937 10836 10920 D com.disha.quickride.androidapp.event.EventServicePersistenceHelper: 0 unprocessed messages read from persistence
03-06 08:41:28.938 10836 10920 D com.disha.quickride.androidapp.usermgmt.UserMessageListener: subscribeToUserMsgUpdates
03-06 08:41:28.938 10836 10920 D com.disha.quickride.androidapp.event.RideMgmtEventServiceProxy: Adding topic name to subscriptions queue :userMsg/80505594696653
03-06 08:41:28.938 10836 10920 D com.disha.quickride.androidapp.usermgmt.UserMessageListener: subscribeToUserMsgUpdates
03-06 08:41:28.938 10836 10920 D com.disha.quickride.androidapp.event.RideMgmtEventServiceProxy: Adding topic name to subscriptions queue :userMsg/80505594696653
03-06 08:41:28.938 10836 10920 D com.disha.quickride.androidapp.event.EventModuleSessionManager: Establishing event service connection
03-06 08:41:28.938 10836 10920 D com.disha.quickride.androidapp.event.RideMgmtEventServiceProxy: Entering dispatchAllMessagesArrivedBeforeSessionWasInitialized
03-06 08:41:28.938 10836 10920 D com.disha.quickride.androidapp.event.EventModuleSessionManager: Establishing event service connection
03-06 08:41:28.938 10836 10920 D com.disha.quickride.androidapp.event.RideMgmtEventServiceProxy: Entering dispatchAllMessagesArrivedBeforeSessionWasInitialized
03-06 08:41:28.940 10836 10924 D com.disha.quickride.androidapp.event.InitialMessagesDispatchTask: Dispatching initial messages
03-06 08:41:28.940 10836 10920 D com.disha.quickride.androidapp.event.LocationUpdateEventServiceProxy: Entering dispatchAllMessagesArrivedBeforeSessionWasInitialized
03-06 08:41:28.940 10836 10926 D com.disha.quickride.androidapp.event.InitialMessagesDispatchTask: Dispatching initial messages
03-06 08:41:28.940 10836 10924 D com.disha.quickride.androidapp.event.InitialMessagesDispatchTask: Dispatching initial messages
03-06 08:41:28.940 10836 10920 D com.disha.quickride.androidapp.event.LocationUpdateEventServiceProxy: Entering dispatchAllMessagesArrivedBeforeSessionWasInitialized
03-06 08:41:28.940 10836 10926 D com.disha.quickride.androidapp.event.InitialMessagesDispatchTask: Dispatching initial messages
03-06 08:41:28.949 10836 10920 I com.disha.quickride.androidapp.ridemgmt.RideManagementMqttProxy: subscribing to topic of existing rides
03-06 08:41:28.949 10836 10920 I com.disha.quickride.androidapp.ridemgmt.RideManagementMqttProxy: subscribing to topic of existing rider rides
03-06 08:41:28.949 10836 10920 D com.disha.quickride.androidapp.groupchat.RideGroupChatMqttListener: Subscribing to collection of rides
03-06 08:41:28.949 10836 10920 I com.disha.quickride.androidapp.ridemgmt.RideManagementMqttProxy: subscribing to topic of existing passenger rides
03-06 08:41:28.949 10836 10920 D com.disha.quickride.androidapp.groupchat.RideGroupChatMqttListener: Subscribing to collection of rides
03-06 08:41:28.949 10836 10920 I com.disha.quickride.androidapp.ridemgmt.RideManagementMqttProxy: subscribing to topic of existing rides
03-06 08:41:28.949 10836 10920 I com.disha.quickride.androidapp.ridemgmt.RideManagementMqttProxy: subscribing to topic of existing rider rides
03-06 08:41:28.949 10836 10920 D com.disha.quickride.androidapp.groupchat.RideGroupChatMqttListener: Subscribing to collection of rides
03-06 08:41:28.949 10836 10920 I com.disha.quickride.androidapp.ridemgmt.RideManagementMqttProxy: subscribing to topic of existing passenger rides
03-06 08:41:28.949 10836 10920 D com.disha.quickride.androidapp.groupchat.RideGroupChatMqttListener: Subscribing to collection of rides
03-06 08:41:28.950 10836 10928 D com.disha.quickride.androidapp.notification.GcmKeepAliveTask: Sending heart beat to keep GCM connection alive
03-06 08:41:28.950 10836 10928 D com.disha.quickride.androidapp.notification.GcmKeepAliveTask: Sending heart beat to keep GCM connection alive
03-06 08:41:28.961 10836 10928 D com.disha.quickride.androidapp.common.AndroidRestClient.AndroidClientLogger: RestClient.callService with httpRequestMethod =  GET
03-06 08:41:28.961 10836 10928 D com.disha.quickride.androidapp.common.AndroidRestClient.AndroidClientLogger: RestClient.callService with httpRequestMethod =  GET
03-06 08:41:29.262 10836 10928 D com.disha.quickride.androidapp.common.AndroidRestClient.AndroidClientLogger: RestClient.callService response code :  200
03-06 08:41:29.262 10836 10928 D com.disha.quickride.androidapp.common.AndroidRestClient.AndroidClientLogger: RestClient.callService response code :  200
03-06 08:41:39.400 10836 10874 D com.facebook.FacebookSdk: getGraphApiVersion: v3.0
03-06 08:41:39.400 10836 10874 D com.facebook.FacebookSdk: getGraphApiVersion: v3.0
--------- beginning of main
03-06 17:14:26.287 12689 12689 D TidaProvider: TidaProvider()
03-06 17:14:26.296 12689 12689 W ReflectionUtils: 
03-06 17:14:26.296 12689 12689 W ReflectionUtils: java.lang.NoSuchMethodException: android.os.MessageQueue#enableMonitor()#bestmatch
03-06 17:14:26.296 12689 12689 W ReflectionUtils: 	at miui.util.ReflectionUtils.findMethodBestMatch(ReflectionUtils.java:338)
03-06 17:14:26.296 12689 12689 W ReflectionUtils: 	at miui.util.ReflectionUtils.findMethodBestMatch(ReflectionUtils.java:375)
03-06 17:14:26.296 12689 12689 W ReflectionUtils: 	at miui.util.ReflectionUtils.callMethod(ReflectionUtils.java:800)
03-06 17:14:26.296 12689 12689 W ReflectionUtils: 	at miui.util.ReflectionUtils.tryCallMethod(ReflectionUtils.java:818)
