--hello------- beginning of main
02-27 07:14:42.595  4381  4381 D TidaProvider: TidaProvider()
02-27 07:14:42.604  4381  4381 W ReflectionUtils: 
02-27 07:14:42.604  4381  4381 W ReflectionUtils: java.lang.NoSuchMethodException: android.os.MessageQueue#enableMonitor()#bestmatch
02-27 07:14:42.604  4381  4381 W ReflectionUtils: 	at miui.util.ReflectionUtils.findMethodBestMatch(ReflectionUtils.java:338)
02-27 07:14:42.604  4381  4381 W ReflectionUtils: 	at miui.util.ReflectionUtils.findMethodBestMatch(ReflectionUtils.java:375)
02-27 07:14:42.604  4381  4381 W ReflectionUtils: 	at miui.util.ReflectionUtils.callMethod(ReflectionUtils.java:800)
02-27 07:14:42.604  4381  4381 W ReflectionUtils: 	at miui.util.ReflectionUtils.tryCallMethod(ReflectionUtils.java:818)
02-27 07:14:42.604  4381  4381 W ReflectionUtils: 	at android.os.BaseLooper.enableMonitor(BaseLooper.java:47)
02-27 07:14:42.604  4381  4381 W ReflectionUtils: 	at android.os.Looper.prepareMainLooper(Looper.java:112)
02-27 07:14:42.604  4381  4381 W ReflectionUtils: 	at android.app.ActivityThread.main(ActivityThread.java:6221)
02-27 07:14:42.604  4381  4381 W ReflectionUtils: 	at java.lang.reflect.Method.invoke(Native Method)
02-27 07:14:42.604  4381  4381 W ReflectionUtils: 	at com.android.internal.os.ZygoteInit$MethodAndArgsCaller.run(ZygoteInit.java:904)
02-27 07:14:42.604  4381  4381 W ReflectionUtils: 	at com.android.internal.os.ZygoteInit.main(ZygoteInit.java:794)
02-27 07:14:42.604  4381  4381 V BoostFramework: BoostFramework() : mPerf = com.qualcomm.qti.Performance@bb8a492
02-27 07:14:42.676  4381  4381 W System  : ClassLoader referenced unknown path: /data/app/com.disha.quickride-2/lib/arm64
02-27 07:14:42.698  4381  4381 W ResourceType: No package identifier when getting name for resource number 0x00000000
02-27 07:14:42.848  4381  4381 D com.disha.quickride.androidapp.startup.QuickRideApplication: QuickRideApplication is instantiated
02-27 07:14:42.854  4381  4381 I MultiDex: VM with version 2.1.0 has multidex support
02-27 07:14:42.854  4381  4381 I MultiDex: Installing application
02-27 07:14:42.854  4381  4381 I MultiDex: VM has multidex support, MultiDex support library is disabled.
02-27 07:14:42.854  4381  4381 I MultiDex: Installing application
02-27 07:14:42.854  4381  4381 I MultiDex: VM has multidex support, MultiDex support library is disabled.
02-27 07:14:43.017  4381  4381 D FirebaseApp: com.google.firebase.auth.FirebaseAuth is not linked. Skipping initialization.
02-27 07:14:43.018  4381  4381 D FirebaseApp: com.google.firebase.crash.FirebaseCrash is not linked. Skipping initialization.
02-27 07:14:43.018  4381  4381 I FirebaseInitProvider: FirebaseApp initialization successful
02-27 07:14:43.067  4381  4411 D com.facebook.FacebookSdk: getGraphApiVersion: v3.0
02-27 07:14:43.075  4381  4411 D NetworkSecurityConfig: No Network Security Config specified, using platform default
02-27 07:14:43.083  4381  4403 I FA      : App measurement is starting up, version: 14711
02-27 07:14:43.083  4381  4403 I FA      : To enable debug logging run: adb shell setprop log.tag.FA VERBOSE
02-27 07:14:43.084  4381  4403 I FA      : To enable faster debug mode event logging run:
02-27 07:14:43.084  4381  4403 I FA      :   adb shell setprop debug.firebase.analytics.app com.disha.quickride
02-27 07:14:43.115  4381  4381 D com.disha.quickride.androidapp.startup.QuickRideApplication: QuickRideApplication is created
02-27 07:14:43.120  4381  4381 D com.disha.quickride.androidapp.startup.QuickRideApplication: enabled https protocols null
02-27 07:14:43.171  4381  4381 I Fabric  : Initializing Crashlytics 2.2.2.37
02-27 07:14:43.191  4381  4381 I GAv4    : Google Analytics 12.4.51 is starting up. To enable debug logging on a device run:
02-27 07:14:43.191  4381  4381 I GAv4    :   adb shell setprop log.tag.GAv4 DEBUG
02-27 07:14:43.191  4381  4381 I GAv4    :   adb logcat -s GAv4
02-27 07:14:43.192  4381  4451 W Fabric  : Could not call getId on com.google.android.gms.ads.identifier.AdvertisingIdClient$Info
02-27 07:14:43.192  4381  4451 W Fabric  : Could not call isLimitAdTrackingEnabled on com.google.android.gms.ads.identifier.AdvertisingIdClient$Info
02-27 07:14:43.227  4381  4381 D com.disha.quickride.androidapp.startup.QuickRideApplication: Initializing Session Manager
02-27 07:14:43.229  4381  4459 D com.disha.quickride.androidapp.startup.session.SessionManagerController: Resuming user session
02-27 07:14:43.230  4381  4459 D com.disha.quickride.androidapp.startup.session.SessionManager: Entering createNewSessionManager
02-27 07:14:43.239  4381  4381 W DynamiteModule: Local module descriptor class for providerinstaller not found.
02-27 07:14:43.241  4381  4459 D com.disha.quickride.androidapp.startup.session.SessionManager: Found Persistent session for user 80505594696653
--------- beginning of main
02-27 07:14:42.595  4381  4381 D TidaProvider: TidaProvider()
02-27 07:14:43.241  4381  4459 D com.disha.quickride.androidapp.startup.session.SessionManager: Entering onResumeUserSession
02-27 07:14:43.241  4381  4459 D com.disha.quickride.androidapp.startup.session.SessionManager: Performing session change operation on com.disha.quickride.androidapp.common.serverConfig.ClientConfigurationModuleSessionManager@b6416a
02-27 07:14:42.604  4381  4381 W ReflectionUtils: 
02-27 07:14:42.604  4381  4381 W ReflectionUtils: java.lang.NoSuchMethodException: android.os.MessageQueue#enableMonitor()#bestmatch
02-27 07:14:42.604  4381  4381 W ReflectionUtils: 	at miui.util.ReflectionUtils.findMethodBestMatch(ReflectionUtils.java:338)
02-27 07:14:42.604  4381  4381 W ReflectionUtils: 	at miui.util.ReflectionUtils.findMethodBestMatch(ReflectionUtils.java:375)
02-27 07:14:42.604  4381  4381 W ReflectionUtils: 	at miui.util.ReflectionUtils.callMethod(ReflectionUtils.java:800)
02-27 07:14:42.604  4381  4381 W ReflectionUtils: 	at miui.util.ReflectionUtils.tryCallMethod(ReflectionUtils.java:818)
02-27 07:14:42.604  4381  4381 W ReflectionUtils: 	at android.os.BaseLooper.enableMonitor(BaseLooper.java:47)
02-27 07:14:42.604  4381  4381 W ReflectionUtils: 	at android.os.Looper.prepareMainLooper(Looper.java:112)
02-27 07:14:42.604  4381  4381 W ReflectionUtils: 	at android.app.ActivityThread.main(ActivityThread.java:6221)
02-27 07:14:42.604  4381  4381 W ReflectionUtils: 	at java.lang.reflect.Method.invoke(Native Method)
02-27 07:14:42.604  4381  4381 W ReflectionUtils: 	at com.android.internal.os.ZygoteInit$MethodAndArgsCaller.run(ZygoteInit.java:904)
02-27 07:14:42.604  4381  4381 W ReflectionUtils: 	at com.android.internal.os.ZygoteInit.main(ZygoteInit.java:794)
02-27 07:14:43.241  4381  4459 D com.disha.quickride.androidapp.common.serverConfig.ClientConfigurationModuleSessionManager: Resuming basic user session
02-27 07:14:42.604  4381  4381 V BoostFramework: BoostFramework() : mPerf = com.qualcomm.qti.Performance@bb8a492
02-27 07:14:43.246  4381  4381 I DynamiteModule: Considering local module providerinstaller:0 and remote module providerinstaller:0
02-27 07:14:42.676  4381  4381 W System  : ClassLoader referenced unknown path: /data/app/com.disha.quickride-2/lib/arm64
02-27 07:14:43.246  4381  4381 W ProviderInstaller: Failed to load providerinstaller module: No acceptable module found. Local version is 0 and remote version is 0.
02-27 07:14:42.698  4381  4381 W ResourceType: No package identifier when getting name for resource number 0x00000000
02-27 07:14:43.251  4381  4459 D com.disha.quickride.androidapp.common.serverConfig.ConfigurationCache: locationMgmtEventBrokerURL = tcp://locevents.getquickride.com:1883
02-27 07:14:42.848  4381  4381 D com.disha.quickride.androidapp.startup.QuickRideApplication: QuickRideApplication is instantiated
02-27 07:14:43.252  4381  4459 D com.disha.quickride.androidapp.startup.session.SessionManager: Performing session change operation on com.disha.quickride.androidapp.usermgmt.UserModuleSessionManager@264080d
02-27 07:14:42.854  4381  4381 I MultiDex: VM with version 2.1.0 has multidex support
02-27 07:14:43.252  4381  4459 D com.disha.quickride.androidapp.usermgmt.UserModuleSessionManager: Resume basic user session
02-27 07:14:42.854  4381  4381 I MultiDex: Installing application
02-27 07:14:43.263  4381  4459 W Java7Support: Unable to load JDK7 types (annotations, java.nio.file.Path): no Java7 support added
02-27 07:14:42.854  4381  4381 I MultiDex: VM has multidex support, MultiDex support library is disabled.
02-27 07:14:43.283  4381  4381 D ApplicationLoaders: ignored Vulkan layer search path /data/app/com.google.android.gms-1/lib/arm64:/data/app/com.google.android.gms-1/base.apk!/lib/arm64-v8a for namespace 0x7f864ca160
02-27 07:14:42.854  4381  4381 I MultiDex: Installing application
02-27 07:14:43.284  4381  4381 W ResourceType: No package identifier when getting name for resource number 0x00000000
02-27 07:14:42.854  4381  4381 I MultiDex: VM has multidex support, MultiDex support library is disabled.
02-27 07:14:43.304  4381  4381 V NativeCrypto: Registering com/google/android/gms/org/conscrypt/NativeCrypto's 287 native methods...
02-27 07:14:43.017  4381  4381 D FirebaseApp: com.google.firebase.auth.FirebaseAuth is not linked. Skipping initialization.
02-27 07:14:43.336  4381  4381 I ProviderInstaller: Installed default security provider GmsCore_OpenSSL
02-27 07:14:43.018  4381  4381 D FirebaseApp: com.google.firebase.crash.FirebaseCrash is not linked. Skipping initialization.
02-27 07:14:43.018  4381  4381 I FirebaseInitProvider: FirebaseApp initialization successful
02-27 07:14:43.067  4381  4411 D com.facebook.FacebookSdk: getGraphApiVersion: v3.0
02-27 07:14:43.075  4381  4411 D NetworkSecurityConfig: No Network Security Config specified, using platform default
02-27 07:14:43.083  4381  4403 I FA      : App measurement is starting up, version: 14711
02-27 07:14:43.083  4381  4403 I FA      : To enable debug logging run: adb shell setprop log.tag.FA VERBOSE
02-27 07:14:43.084  4381  4403 I FA      : To enable faster debug mode event logging run:
02-27 07:14:43.084  4381  4403 I FA      :   adb shell setprop debug.firebase.analytics.app com.disha.quickride
02-27 07:14:43.115  4381  4381 D com.disha.quickride.androidapp.startup.QuickRideApplication: QuickRideApplication is created
02-27 07:14:43.120  4381  4381 D com.disha.quickride.androidapp.startup.QuickRideApplication: enabled https protocols null
02-27 07:14:43.171  4381  4381 I Fabric  : Initializing Crashlytics 2.2.2.37
02-27 07:14:43.191  4381  4381 I GAv4    : Google Analytics 12.4.51 is starting up. To enable debug logging on a device run:
02-27 07:14:43.191  4381  4381 I GAv4    :   adb shell setprop log.tag.GAv4 DEBUG
02-27 07:14:43.191  4381  4381 I GAv4    :   adb logcat -s GAv4
02-27 07:14:43.192  4381  4451 W Fabric  : Could not call getId on com.google.android.gms.ads.identifier.AdvertisingIdClient$Info
02-27 07:14:43.192  4381  4451 W Fabric  : Could not call isLimitAdTrackingEnabled on com.google.android.gms.ads.identifier.AdvertisingIdClient$Info
02-27 07:14:43.227  4381  4381 D com.disha.quickride.androidapp.startup.QuickRideApplication: Initializing Session Manager
02-27 07:14:43.229  4381  4459 D com.disha.quickride.androidapp.startup.session.SessionManagerController: Resuming user session
02-27 07:14:43.230  4381  4459 D com.disha.quickride.androidapp.startup.session.SessionManager: Entering createNewSessionManager
02-27 07:14:43.239  4381  4381 W DynamiteModule: Local module descriptor class for providerinstaller not found.
02-27 07:14:43.241  4381  4459 D com.disha.quickride.androidapp.startup.session.SessionManager: Found Persistent session for user 80505594696653
02-27 07:14:43.241  4381  4459 D com.disha.quickride.androidapp.startup.session.SessionManager: Entering onResumeUserSession
02-27 07:14:43.241  4381  4459 D com.disha.quickride.androidapp.startup.session.SessionManager: Performing session change operation on com.disha.quickride.androidapp.common.serverConfig.ClientConfigurationModuleSessionManager@b6416a
02-27 07:14:43.241  4381  4459 D com.disha.quickride.androidapp.common.serverConfig.ClientConfigurationModuleSessionManager: Resuming basic user session
02-27 07:14:43.246  4381  4381 I DynamiteModule: Considering local module providerinstaller:0 and remote module providerinstaller:0
02-27 07:14:43.246  4381  4381 W ProviderInstaller: Failed to load providerinstaller module: No acceptable module found. Local version is 0 and remote version is 0.
02-27 07:14:43.251  4381  4459 D com.disha.quickride.androidapp.common.serverConfig.ConfigurationCache: locationMgmtEventBrokerURL = tcp://locevents.getquickride.com:1883
02-27 07:14:43.252  4381  4459 D com.disha.quickride.androidapp.startup.session.SessionManager: Performing session change operation on com.disha.quickride.androidapp.usermgmt.UserModuleSessionManager@264080d
02-27 07:14:43.252  4381  4459 D com.disha.quickride.androidapp.usermgmt.UserModuleSessionManager: Resume basic user session
02-27 07:14:43.263  4381  4459 W Java7Support: Unable to load JDK7 types (annotations, java.nio.file.Path): no Java7 support added
02-27 07:14:43.283  4381  4381 D ApplicationLoaders: ignored Vulkan layer search path /data/app/com.google.android.gms-1/lib/arm64:/data/app/com.google.android.gms-1/base.apk!/lib/arm64-v8a for namespace 0x7f864ca160
02-27 07:14:43.284  4381  4381 W ResourceType: No package identifier when getting name for resource number 0x00000000
02-27 07:14:43.304  4381  4381 V NativeCrypto: Registering com/google/android/gms/org/conscrypt/NativeCrypto's 287 native methods...
02-27 07:14:43.336  4381  4381 I ProviderInstaller: Installed default security provider GmsCore_OpenSSL
02-27 07:14:43.350  4381  4381 E FirebaseInstanceId: Error while delivering the message: ServiceIntent not found.
02-27 07:14:43.350  4381  4381 E FirebaseInstanceId: Error while delivering the message: ServiceIntent not found.
02-27 07:14:43.445  4381  4416 D com.facebook.FacebookSdk: getGraphApiVersion: v3.0
02-27 07:14:43.445  4381  4416 D com.facebook.FacebookSdk: getGraphApiVersion: v3.0
02-27 07:14:43.454  4381  4470 D com.disha.quickride.androidapp.notification.GcmKeepAliveTask: Sending heart beat to keep GCM connection alive
02-27 07:14:43.454  4381  4470 D com.disha.quickride.androidapp.notification.GcmKeepAliveTask: Sending heart beat to keep GCM connection alive
02-27 07:14:43.458  4381  4415 D com.facebook.FacebookSdk: getGraphApiVersion: v3.0
02-27 07:14:43.458  4381  4415 D com.facebook.FacebookSdk: getGraphApiVersion: v3.0
02-27 07:14:43.479  4381  4470 D com.disha.quickride.androidapp.common.AndroidRestClient.AndroidClientLogger: RestClient.callService with httpRequestMethod =  GET
02-27 07:14:43.479  4381  4470 D com.disha.quickride.androidapp.common.AndroidRestClient.AndroidClientLogger: RestClient.callService with httpRequestMethod =  GET
02-27 07:14:43.608  4381  4386 I art     : Do partial code cache collection, code=21KB, data=30KB
02-27 07:14:43.608  4381  4386 I art     : Do partial code cache collection, code=21KB, data=30KB
02-27 07:14:43.611  4381  4386 I art     : After code cache collection, code=21KB, data=30KB
02-27 07:14:43.611  4381  4386 I art     : Increasing code cache capacity to 128KB
02-27 07:14:43.611  4381  4386 I art     : After code cache collection, code=21KB, data=30KB
02-27 07:14:43.611  4381  4386 I art     : Increasing code cache capacity to 128KB
02-27 07:14:43.859  4381  4386 I art     : Do partial code cache collection, code=61KB, data=61KB
02-27 07:14:43.859  4381  4386 I art     : Do partial code cache collection, code=61KB, data=61KB
02-27 07:14:43.860  4381  4386 I art     : After code cache collection, code=61KB, data=61KB
02-27 07:14:43.860  4381  4386 I art     : After code cache collection, code=61KB, data=61KB
02-27 07:14:43.860  4381  4386 I art     : Increasing code cache capacity to 256KB
02-27 07:14:43.860  4381  4386 I art     : Increasing code cache capacity to 256KB
02-27 07:14:43.954  4381  4477 D com.disha.quickride.androidapp.conversation.ConversationChatRestServiceClient: getPendingChatMessages80505594696653
02-27 07:14:43.954  4381  4477 D com.disha.quickride.androidapp.conversation.ConversationChatRestServiceClient: getPendingChatMessages80505594696653
02-27 07:14:43.955  4381  4477 D com.disha.quickride.androidapp.notification.GcmKeepAliveTask: Sending heart beat to keep GCM connection alive
02-27 07:14:43.955  4381  4477 D com.disha.quickride.androidapp.notification.GcmKeepAliveTask: Sending heart beat to keep GCM connection alive
02-27 07:14:43.979  4381  4477 D com.disha.quickride.androidapp.common.AndroidRestClient.AndroidClientLogger: RestClient.callService with httpRequestMethod =  GET
02-27 07:14:43.979  4381  4477 D com.disha.quickride.androidapp.common.AndroidRestClient.AndroidClientLogger: RestClient.callService with httpRequestMethod =  GET
02-27 07:14:44.063  4381  4459 D com.disha.quickride.androidapp.startup.session.SessionManager: Performing session change operation on com.disha.quickride.androidapp.event.EventModuleSessionManager@8393d12
02-27 07:14:44.063  4381  4459 D com.disha.quickride.androidapp.startup.session.SessionManager: Performing session change operation on com.disha.quickride.androidapp.event.EventModuleSessionManager@8393d12
02-27 07:14:44.066  4381  4459 D com.disha.quickride.androidapp.startup.session.SessionManager: Performing session change operation on com.disha.quickride.androidapp.ridemgmt.RideMgmtModuleSessionHandler@b76f6e0
02-27 07:14:44.066  4381  4459 I com.disha.quickride.androidapp.ridemgmt.RideMgmtModuleSessionHandler: resumeBasicUserSession
02-27 07:14:44.066  4381  4459 D com.disha.quickride.androidapp.startup.session.SessionManager: Performing session change operation on com.disha.quickride.androidapp.ridemgmt.RideMgmtModuleSessionHandler@b76f6e0
02-27 07:14:44.066  4381  4459 I com.disha.quickride.androidapp.ridemgmt.RideMgmtModuleSessionHandler: resumeBasicUserSession
02-27 07:14:44.195  4381  4459 D com.disha.quickride.androidapp.notification.GcmKeepAliveTask: Sending heart beat to keep GCM connection alive
02-27 07:14:44.195  4381  4459 D com.disha.quickride.androidapp.notification.GcmKeepAliveTask: Sending heart beat to keep GCM connection alive
02-27 07:14:44.198  4381  4459 D com.disha.quickride.androidapp.common.AndroidRestClient.AndroidClientLogger: RestClient.callService with httpRequestMethod =  GET
02-27 07:14:44.198  4381  4459 D com.disha.quickride.androidapp.common.AndroidRestClient.AndroidClientLogger: RestClient.callService with httpRequestMethod =  GET
02-27 07:14:50.257  4381  4489 W Fabric  : Could not call getId on com.google.android.gms.ads.identifier.AdvertisingIdClient$Info
02-27 07:14:50.257  4381  4489 W Fabric  : Could not call isLimitAdTrackingEnabled on com.google.android.gms.ads.identifier.AdvertisingIdClient$Info
02-27 07:14:50.257  4381  4489 W Fabric  : Could not call getId on com.google.android.gms.ads.identifier.AdvertisingIdClient$Info
02-27 07:14:50.257  4381  4489 W Fabric  : Could not call isLimitAdTrackingEnabled on com.google.android.gms.ads.identifier.AdvertisingIdClient$Info
02-27 07:14:50.270  4381  4491 W Fabric  : Could not call getId on com.google.android.gms.ads.identifier.AdvertisingIdClient$Info
02-27 07:14:50.270  4381  4491 W Fabric  : Could not call getId on com.google.android.gms.ads.identifier.AdvertisingIdClient$Info
02-27 07:14:50.270  4381  4491 W Fabric  : Could not call isLimitAdTrackingEnabled on com.google.android.gms.ads.identifier.AdvertisingIdClient$Info
02-27 07:14:50.270  4381  4491 W Fabric  : Could not call isLimitAdTrackingEnabled on com.google.android.gms.ads.identifier.AdvertisingIdClient$Info
02-27 07:14:52.749  4381  4470 D com.disha.quickride.androidapp.common.AndroidRestClient.AndroidClientLogger: RestClient.callService response code :  502
02-27 07:14:52.749  4381  4470 D com.disha.quickride.androidapp.common.AndroidRestClient.AndroidClientLogger: RestClient.callService response code :  502
02-27 07:14:52.750  4381  4470 D com.disha.quickride.androidapp.common.AndroidRestClient.AndroidClientLogger: RestResponse.handleServiceErrorResponse  <html><head><meta http-equiv="content-type" content="text/html;charset=utf-8"><title>502 Server Error</title></head><body text=#000000 bgcolor=#ffffff><h1>Error: Server Error</h1><h2>The server encountered a temporary error and could not complete your request.<p>Please try again in 30 seconds.</h2><h2></h2></body></html>
02-27 07:14:52.750  4381  4470 D com.disha.quickride.androidapp.common.AndroidRestClient.AndroidClientLogger: RestResponse.handleServiceErrorResponse  <html><head><meta http-equiv="content-type" content="text/html;charset=utf-8"><title>502 Server Error</title></head><body text=#000000 bgcolor=#ffffff><h1>Error: Server Error</h1><h2>The server encountered a temporary error and could not complete your request.<p>Please try again in 30 seconds.</h2><h2></h2></body></html>
02-27 07:14:52.752  4381  4470 E com.disha.quickride.androidapp.common.AndroidRestClient.AndroidClientLogger: RestResponse.getJSONTextFromResponse failed<html><head><meta http-equiv="content-type" content="text/html;charset=utf-8"><title>502 Server Error</title></head><body text=#000000 bgcolor=#ffffff><h1>Error: Server Error</h1><h2>The server encountered a temporary error and could not complete your request.<p>Please try again in 30 seconds.</h2><h2></h2></body></html> com.fasterxml.jackson.core.JsonParseException: Unexpected character ('<' (code 60)): expected a valid value (number, String, array, object, 'true', 'false' or 'null')
02-27 07:14:52.752  4381  4470 E com.disha.quickride.androidapp.common.AndroidRestClient.AndroidClientLogger:  at [Source: (String)"<html><head><meta http-equiv="content-type" content="text/html;charset=utf-8"><title>502 Server Error</title></head><body text=#000000 bgcolor=#ffffff><h1>Error: Server Error</h1><h2>The server encountered a temporary error and could not complete your request.<p>Please try again in 30 seconds.</h2><h2></h2></body></html>"; line: 1, column: 2]
02-27 07:14:52.752  4381  4470 E com.disha.quickride.androidapp.common.AndroidRestClient.AndroidClientLogger: RestResponse.getJSONTextFromResponse failed<html><head><meta http-equiv="content-type" content="text/html;charset=utf-8"><title>502 Server Error</title></head><body text=#000000 bgcolor=#ffffff><h1>Error: Server Error</h1><h2>The server encountered a temporary error and could not complete your request.<p>Please try again in 30 seconds.</h2><h2></h2></body></html> com.fasterxml.jackson.core.JsonParseException: Unexpected character ('<' (code 60)): expected a valid value (number, String, array, object, 'true', 'false' or 'null')
02-27 07:14:52.752  4381  4470 E com.disha.quickride.androidapp.common.AndroidRestClient.AndroidClientLogger:  at [Source: (String)"<html><head><meta http-equiv="content-type" content="text/html;charset=utf-8"><title>502 Server Error</title></head><body text=#000000 bgcolor=#ffffff><h1>Error: Server Error</h1><h2>The server encountered a temporary error and could not complete your request.<p>Please try again in 30 seconds.</h2><h2></h2></body></html>"; line: 1, column: 2]
02-27 07:14:52.918  4381  4470 E com.disha.quickride.androidapp.common.AndroidRestClient.AndroidClientLogger: handleServiceErrorResponse : Failed to process response error com.disha.quickride.rest.client.RestClientException: [errorCode: 9203 ][httpStatusCode: 500 ][userMsg: Service response error ][hintForCorrection: Please try after sometime ]com.fasterxml.jackson.core.JsonParseException: Unexpected character ('<' (code 60)): expected a valid value (number, String, array, object, 'true', 'false' or 'null')
02-27 07:14:52.918  4381  4470 E com.disha.quickride.androidapp.common.AndroidRestClient.AndroidClientLogger:  at [Source: (String)"<html><head><meta http-equiv="content-type" content="text/html;charset=utf-8"><title>502 Server Error</title></head><body text=#000000 bgcolor=#ffffff><h1>Error: Server Error</h1><h2>The server encountered a temporary error and could not complete your request.<p>Please try again in 30 seconds.</h2><h2></h2></body></html>"; line: 1, column: 2]
02-27 07:14:52.918  4381  4470 E com.disha.quickride.androidapp.common.AndroidRestClient.AndroidClientLogger: handleServiceErrorResponse : Failed to process response error com.disha.quickride.rest.client.RestClientException: [errorCode: 9203 ][httpStatusCode: 500 ][userMsg: Service response error ][hintForCorrection: Please try after sometime ]com.fasterxml.jackson.core.JsonParseException: Unexpected character ('<' (code 60)): expected a valid value (number, String, array, object, 'true', 'false' or 'null')
02-27 07:14:52.918  4381  4470 E com.disha.quickride.androidapp.common.AndroidRestClient.AndroidClientLogger:  at [Source: (String)"<html><head><meta http-equiv="content-type" content="text/html;charset=utf-8"><title>502 Server Error</title></head><body text=#000000 bgcolor=#ffffff><h1>Error: Server Error</h1><h2>The server encountered a temporary error and could not complete your request.<p>Please try again in 30 seconds.</h2><h2></h2></body></html>"; line: 1, column: 2]
02-27 07:14:53.167  4381  4477 D com.disha.quickride.androidapp.common.AndroidRestClient.AndroidClientLogger: RestClient.callService response code :  502
02-27 07:14:53.169  4381  4477 D com.disha.quickride.androidapp.common.AndroidRestClient.AndroidClientLogger: RestResponse.handleServiceErrorResponse  <html><head><meta http-equiv="content-type" content="text/html;charset=utf-8"><title>502 Server Error</title></head><body text=#000000 bgcolor=#ffffff><h1>Error: Server Error</h1><h2>The server encountered a temporary error and could not complete your request.<p>Please try again in 30 seconds.</h2><h2></h2></body></html>
02-27 07:14:53.171  4381  4477 E com.disha.quickride.androidapp.common.AndroidRestClient.AndroidClientLogger: RestResponse.getJSONTextFromResponse failed<html><head><meta http-equiv="content-type" content="text/html;charset=utf-8"><title>502 Server Error</title></head><body text=#000000 bgcolor=#ffffff><h1>Error: Server Error</h1><h2>The server encountered a temporary error and could not complete your request.<p>Please try again in 30 seconds.</h2><h2></h2></body></html> com.fasterxml.jackson.core.JsonParseException: Unexpected character ('<' (code 60)): expected a valid value (number, String, array, object, 'true', 'false' or 'null')
02-27 07:14:53.171  4381  4477 E com.disha.quickride.androidapp.common.AndroidRestClient.AndroidClientLogger:  at [Source: (String)"<html><head><meta http-equiv="content-type" content="text/html;charset=utf-8"><title>502 Server Error</title></head><body text=#000000 bgcolor=#ffffff><h1>Error: Server Error</h1><h2>The server encountered a temporary error and could not complete your request.<p>Please try again in 30 seconds.</h2><h2></h2></body></html>"; line: 1, column: 2]
02-27 07:14:53.167  4381  4477 D com.disha.quickride.androidapp.common.AndroidRestClient.AndroidClientLogger: RestClient.callService response code :  502
02-27 07:14:53.169  4381  4477 D com.disha.quickride.androidapp.common.AndroidRestClient.AndroidClientLogger: RestResponse.handleServiceErrorResponse  <html><head><meta http-equiv="content-type" content="text/html;charset=utf-8"><title>502 Server Error</title></head><body text=#000000 bgcolor=#ffffff><h1>Error: Server Error</h1><h2>The server encountered a temporary error and could not complete your request.<p>Please try again in 30 seconds.</h2><h2></h2></body></html>
02-27 07:14:53.171  4381  4477 E com.disha.quickride.androidapp.common.AndroidRestClient.AndroidClientLogger: RestResponse.getJSONTextFromResponse failed<html><head><meta http-equiv="content-type" content="text/html;charset=utf-8"><title>502 Server Error</title></head><body text=#000000 bgcolor=#ffffff><h1>Error: Server Error</h1><h2>The server encountered a temporary error and could not complete your request.<p>Please try again in 30 seconds.</h2><h2></h2></body></html> com.fasterxml.jackson.core.JsonParseException: Unexpected character ('<' (code 60)): expected a valid value (number, String, array, object, 'true', 'false' or 'null')
02-27 07:14:53.171  4381  4477 E com.disha.quickride.androidapp.common.AndroidRestClient.AndroidClientLogger:  at [Source: (String)"<html><head><meta http-equiv="content-type" content="text/html;charset=utf-8"><title>502 Server Error</title></head><body text=#000000 bgcolor=#ffffff><h1>Error: Server Error</h1><h2>The server encountered a temporary error and could not complete your request.<p>Please try again in 30 seconds.</h2><h2></h2></body></html>"; line: 1, column: 2]
02-27 07:14:53.305  4381  4477 E com.disha.quickride.androidapp.common.AndroidRestClient.AndroidClientLogger: handleServiceErrorResponse : Failed to process response error com.disha.quickride.rest.client.RestClientException: [errorCode: 9203 ][httpStatusCode: 500 ][userMsg: Service response error ][hintForCorrection: Please try after sometime ]com.fasterxml.jackson.core.JsonParseException: Unexpected character ('<' (code 60)): expected a valid value (number, String, array, object, 'true', 'false' or 'null')
02-27 07:14:53.305  4381  4477 E com.disha.quickride.androidapp.common.AndroidRestClient.AndroidClientLogger:  at [Source: (String)"<html><head><meta http-equiv="content-type" content="text/html;charset=utf-8"><title>502 Server Error</title></head><body text=#000000 bgcolor=#ffffff><h1>Error: Server Error</h1><h2>The server encountered a temporary error and could not complete your request.<p>Please try again in 30 seconds.</h2><h2></h2></body></html>"; line: 1, column: 2]
02-27 07:14:53.305  4381  4477 E com.disha.quickride.androidapp.common.AndroidRestClient.AndroidClientLogger: handleServiceErrorResponse : Failed to process response error com.disha.quickride.rest.client.RestClientException: [errorCode: 9203 ][httpStatusCode: 500 ][userMsg: Service response error ][hintForCorrection: Please try after sometime ]com.fasterxml.jackson.core.JsonParseException: Unexpected character ('<' (code 60)): expected a valid value (number, String, array, object, 'true', 'false' or 'null')
02-27 07:14:53.305  4381  4477 E com.disha.quickride.androidapp.common.AndroidRestClient.AndroidClientLogger:  at [Source: (String)"<html><head><meta http-equiv="content-type" content="text/html;charset=utf-8"><title>502 Server Error</title></head><body text=#000000 bgcolor=#ffffff><h1>Error: Server Error</h1><h2>The server encountered a temporary error and could not complete your request.<p>Please try again in 30 seconds.</h2><h2></h2></body></html>"; line: 1, column: 2]
02-27 07:14:53.394  4381  4459 D com.disha.quickride.androidapp.common.AndroidRestClient.AndroidClientLogger: RestClient.callService response code :  502
02-27 07:14:53.395  4381  4459 D com.disha.quickride.androidapp.common.AndroidRestClient.AndroidClientLogger: RestResponse.handleServiceErrorResponse  <html><head><meta http-equiv="content-type" content="text/html;charset=utf-8"><title>502 Server Error</title></head><body text=#000000 bgcolor=#ffffff><h1>Error: Server Error</h1><h2>The server encountered a temporary error and could not complete your request.<p>Please try again in 30 seconds.</h2><h2></h2></body></html>
02-27 07:14:53.396  4381  4459 E com.disha.quickride.androidapp.common.AndroidRestClient.AndroidClientLogger: RestResponse.getJSONTextFromResponse failed<html><head><meta http-equiv="content-type" content="text/html;charset=utf-8"><title>502 Server Error</title></head><body text=#000000 bgcolor=#ffffff><h1>Error: Server Error</h1><h2>The server encountered a temporary error and could not complete your request.<p>Please try again in 30 seconds.</h2><h2></h2></body></html> com.fasterxml.jackson.core.JsonParseException: Unexpected character ('<' (code 60)): expected a valid value (number, String, array, object, 'true', 'false' or 'null')
02-27 07:14:53.396  4381  4459 E com.disha.quickride.androidapp.common.AndroidRestClient.AndroidClientLogger:  at [Source: (String)"<html><head><meta http-equiv="content-type" content="text/html;charset=utf-8"><title>502 Server Error</title></head><body text=#000000 bgcolor=#ffffff><h1>Error: Server Error</h1><h2>The server encountered a temporary error and could not complete your request.<p>Please try again in 30 seconds.</h2><h2></h2></body></html>"; line: 1, column: 2]
02-27 07:14:53.394  4381  4459 D com.disha.quickride.androidapp.common.AndroidRestClient.AndroidClientLogger: RestClient.callService response code :  502
02-27 07:14:53.395  4381  4459 D com.disha.quickride.androidapp.common.AndroidRestClient.AndroidClientLogger: RestResponse.handleServiceErrorResponse  <html><head><meta http-equiv="content-type" content="text/html;charset=utf-8"><title>502 Server Error</title></head><body text=#000000 bgcolor=#ffffff><h1>Error: Server Error</h1><h2>The server encountered a temporary error and could not complete your request.<p>Please try again in 30 seconds.</h2><h2></h2></body></html>
02-27 07:14:53.396  4381  4459 E com.disha.quickride.androidapp.common.AndroidRestClient.AndroidClientLogger: RestResponse.getJSONTextFromResponse failed<html><head><meta http-equiv="content-type" content="text/html;charset=utf-8"><title>502 Server Error</title></head><body text=#000000 bgcolor=#ffffff><h1>Error: Server Error</h1><h2>The server encountered a temporary error and could not complete your request.<p>Please try again in 30 seconds.</h2><h2></h2></body></html> com.fasterxml.jackson.core.JsonParseException: Unexpected character ('<' (code 60)): expected a valid value (number, String, array, object, 'true', 'false' or 'null')
02-27 07:14:53.396  4381  4459 E com.disha.quickride.androidapp.common.AndroidRestClient.AndroidClientLogger:  at [Source: (String)"<html><head><meta http-equiv="content-type" content="text/html;charset=utf-8"><title>502 Server Error</title></head><body text=#000000 bgcolor=#ffffff><h1>Error: Server Error</h1><h2>The server encountered a temporary error and could not complete your request.<p>Please try again in 30 seconds.</h2><h2></h2></body></html>"; line: 1, column: 2]
02-27 07:14:53.522  4381  4459 E com.disha.quickride.androidapp.common.AndroidRestClient.AndroidClientLogger: handleServiceErrorResponse : Failed to process response error com.disha.quickride.rest.client.RestClientException: [errorCode: 9203 ][httpStatusCode: 500 ][userMsg: Service response error ][hintForCorrection: Please try after sometime ]com.fasterxml.jackson.core.JsonParseException: Unexpected character ('<' (code 60)): expected a valid value (number, String, array, object, 'true', 'false' or 'null')
02-27 07:14:53.522  4381  4459 E com.disha.quickride.androidapp.common.AndroidRestClient.AndroidClientLogger:  at [Source: (String)"<html><head><meta http-equiv="content-type" content="text/html;charset=utf-8"><title>502 Server Error</title></head><body text=#000000 bgcolor=#ffffff><h1>Error: Server Error</h1><h2>The server encountered a temporary error and could not complete your request.<p>Please try again in 30 seconds.</h2><h2></h2></body></html>"; line: 1, column: 2]
02-27 07:14:53.522  4381  4459 D com.disha.quickride.androidapp.myrides.cache.MyActiveRidesCache: syncAllRides :com.disha.quickride.rest.client.RestClientException: [errorCode: 9203 ][httpStatusCode: 500 ][userMsg: Service response error ][hintForCorrection: Please try after sometime ]com.fasterxml.jackson.core.JsonParseException: Unexpected character ('<' (code 60)): expected a valid value (number, String, array, object, 'true', 'false' or 'null')
02-27 07:14:53.522  4381  4459 D com.disha.quickride.androidapp.myrides.cache.MyActiveRidesCache:  at [Source: (String)"<html><head><meta http-equiv="content-type" content="text/html;charset=utf-8"><title>502 Server Error</title></head><body text=#000000 bgcolor=#ffffff><h1>Error: Server Error</h1><h2>The server encountered a temporary error and could not complete your request.<p>Please try again in 30 seconds.</h2><h2></h2></body></html>"; line: 1, column: 2]
02-27 07:14:53.522  4381  4459 E com.disha.quickride.androidapp.common.AndroidRestClient.AndroidClientLogger: handleServiceErrorResponse : Failed to process response error com.disha.quickride.rest.client.RestClientException: [errorCode: 9203 ][httpStatusCode: 500 ][userMsg: Service response error ][hintForCorrection: Please try after sometime ]com.fasterxml.jackson.core.JsonParseException: Unexpected character ('<' (code 60)): expected a valid value (number, String, array, object, 'true', 'false' or 'null')
02-27 07:14:53.522  4381  4459 E com.disha.quickride.androidapp.common.AndroidRestClient.AndroidClientLogger:  at [Source: (String)"<html><head><meta http-equiv="content-type" content="text/html;charset=utf-8"><title>502 Server Error</title></head><body text=#000000 bgcolor=#ffffff><h1>Error: Server Error</h1><h2>The server encountered a temporary error and could not complete your request.<p>Please try again in 30 seconds.</h2><h2></h2></body></html>"; line: 1, column: 2]
02-27 07:14:53.522  4381  4459 D com.disha.quickride.androidapp.myrides.cache.MyActiveRidesCache: syncAllRides :com.disha.quickride.rest.client.RestClientException: [errorCode: 9203 ][httpStatusCode: 500 ][userMsg: Service response error ][hintForCorrection: Please try after sometime ]com.fasterxml.jackson.core.JsonParseException: Unexpected character ('<' (code 60)): expected a valid value (number, String, array, object, 'true', 'false' or 'null')
02-27 07:14:53.522  4381  4459 D com.disha.quickride.androidapp.myrides.cache.MyActiveRidesCache:  at [Source: (String)"<html><head><meta http-equiv="content-type" content="text/html;charset=utf-8"><title>502 Server Error</title></head><body text=#000000 bgcolor=#ffffff><h1>Error: Server Error</h1><h2>The server encountered a temporary error and could not complete your request.<p>Please try again in 30 seconds.</h2><h2></h2></body></html>"; line: 1, column: 2]
02-27 07:14:53.564  4381  4459 I com.disha.quickride.androidapp.rideview.location.LocationChangeListener: checking if location update is required based on ride start time
02-27 07:14:53.564  4381  4459 I com.disha.quickride.androidapp.myrides.cache.MyActiveRidesCache: checking earliest ride starting time
02-27 07:14:53.564  4381  4459 I com.disha.quickride.androidapp.rideview.location.LocationChangeListener: checking if location update is required based on ride start time
02-27 07:14:53.564  4381  4459 I com.disha.quickride.androidapp.myrides.cache.MyActiveRidesCache: checking earliest ride starting time
02-27 07:14:53.571  4381  4459 D com.disha.quickride.androidapp.rideview.location.LocationChangeListener: Service running status : false
02-27 07:14:53.572  4381  4459 D com.disha.quickride.androidapp.myrides.cache.MyClosedRidesCache: Loading closed rides from local database
02-27 07:14:53.571  4381  4459 D com.disha.quickride.androidapp.rideview.location.LocationChangeListener: Service running status : false
02-27 07:14:53.572  4381  4459 D com.disha.quickride.androidapp.myrides.cache.MyClosedRidesCache: Loading closed rides from local database
02-27 07:14:53.580  4381  4459 D com.disha.quickride.androidapp.myrides.cache.MyCompletedRidesCachePersistenceHelper: getting all rider rides from databse
02-27 07:14:53.580  4381  4459 D com.disha.quickride.androidapp.myrides.cache.MyCompletedRidesCachePersistenceHelper: getting all rider rides from databse
02-27 07:14:53.586  4381  4459 D com.disha.quickride.androidapp.myrides.cache.MyCompletedRidesCachePersistenceHelper: getting all passenger rides
02-27 07:14:53.586  4381  4459 D com.disha.quickride.androidapp.myrides.cache.MyCompletedRidesCachePersistenceHelper: getting all passenger rides
02-27 07:14:53.604  4381  4459 D com.disha.quickride.androidapp.myrides.cache.MyCompletedRidesCachePersistenceHelper: getting all regular passenger rides
02-27 07:14:53.604  4381  4459 D com.disha.quickride.androidapp.myrides.cache.MyCompletedRidesCachePersistenceHelper: getting all regular passenger rides
02-27 07:14:53.611  4381  4459 D com.disha.quickride.androidapp.myrides.cache.MyCompletedRidesCachePersistenceHelper: getting all regular passenger rides
02-27 07:14:53.611  4381  4459 D com.disha.quickride.androidapp.myrides.cache.MyCompletedRidesCachePersistenceHelper: getting all regular passenger rides
02-27 07:14:53.646  4381  4459 I com.disha.quickride.androidapp.usermgmt.cache.UserDataCache: getting of user name
02-27 07:14:53.646  4381  4459 D com.disha.quickride.androidapp.startup.session.SessionManagerController: Session change operation completed successfully
02-27 07:14:53.646  4381  4459 D com.disha.quickride.androidapp.startup.session.SessionSetupAsyncTask: Session change operation completed successfully
02-27 07:14:53.646  4381  4459 I com.disha.quickride.androidapp.usermgmt.cache.UserDataCache: getting of user name
02-27 07:14:53.646  4381  4459 D com.disha.quickride.androidapp.startup.session.SessionManagerController: Session change operation completed successfully
02-27 07:14:53.646  4381  4459 D com.disha.quickride.androidapp.startup.session.SessionSetupAsyncTask: Session change operation completed successfully
02-27 07:14:53.649  4381  4459 D com.disha.quickride.androidapp.startup.session.SessionManagerController: Stopping WatchdogService
02-27 07:14:53.649  4381  4459 D com.disha.quickride.androidapp.startup.session.SessionManagerController: Stopping WatchdogService
02-27 07:14:53.651  4381  4459 D com.disha.quickride.androidapp.startup.session.SessionManagerController: Cancelling alarm that was set to check watchdog service
02-27 07:14:53.651  4381  4459 D com.disha.quickride.androidapp.startup.session.SessionManagerController: Cancelling alarm that was set to check watchdog service
02-27 07:14:53.669  4381  4459 D com.disha.quickride.androidapp.startup.session.SessionSetupAsyncTask: Session change operation took 10440 ms
02-27 07:14:53.669  4381  4459 D com.disha.quickride.androidapp.startup.session.SessionSetupAsyncTask: Session change operation took 10440 ms
02-27 07:14:56.647  4381  4503 D com.disha.quickride.androidapp.event.EventModuleSessionManager: Resuming complete user session
02-27 07:14:56.647  4381  4503 D com.disha.quickride.androidapp.event.EventModuleSessionManager: Resuming complete user session
02-27 07:14:57.075  4381  4503 D com.disha.quickride.androidapp.event.EventServicePersistenceHelper: Purging old messages with condition : time <= 1551210296647
02-27 07:14:57.075  4381  4503 D com.disha.quickride.androidapp.event.EventServicePersistenceHelper: Purging old messages with condition : time <= 1551210296647
02-27 07:14:57.075  4381  4503 D com.disha.quickride.androidapp.event.EventServicePersistenceHelper: No of old messages purged : 0
02-27 07:14:57.075  4381  4503 D com.disha.quickride.androidapp.event.EventServicePersistenceHelper: No of old messages purged : 0
02-27 07:14:57.080  4381  4503 D com.disha.quickride.androidapp.event.EventServicePersistenceHelper: 0 messages read from persistence
02-27 07:14:57.080  4381  4503 D com.disha.quickride.androidapp.event.RideMgmtEventServiceProxy: Initializing unprocessed messages from persistence
02-27 07:14:57.080  4381  4503 D com.disha.quickride.androidapp.event.EventServicePersistenceHelper: 0 messages read from persistence
02-27 07:14:57.080  4381  4503 D com.disha.quickride.androidapp.event.RideMgmtEventServiceProxy: Initializing unprocessed messages from persistence
02-27 07:14:57.084  4381  4503 D com.disha.quickride.androidapp.event.EventServicePersistenceHelper: 0 unprocessed messages read from persistence
02-27 07:14:57.084  4381  4503 D com.disha.quickride.androidapp.event.EventServicePersistenceHelper: 0 unprocessed messages read from persistence
02-27 07:14:57.090  4381  4503 D com.disha.quickride.androidapp.event.EventServicePersistenceHelper: Purging old messages with condition : time <= 1551210297084
02-27 07:14:57.090  4381  4503 D com.disha.quickride.androidapp.event.EventServicePersistenceHelper: Purging old messages with condition : time <= 1551210297084
02-27 07:14:57.091  4381  4503 D com.disha.quickride.androidapp.event.EventServicePersistenceHelper: No of old messages purged : 0
02-27 07:14:57.091  4381  4503 D com.disha.quickride.androidapp.event.EventServicePersistenceHelper: No of old messages purged : 0
02-27 07:14:57.095  4381  4503 D com.disha.quickride.androidapp.event.EventServicePersistenceHelper: 0 messages read from persistence
02-27 07:14:57.095  4381  4503 D com.disha.quickride.androidapp.event.EventServicePersistenceHelper: 0 messages read from persistence
02-27 07:14:57.095  4381  4503 D com.disha.quickride.androidapp.event.LocationUpdateEventServiceProxy: Initializing unprocessed messages from persistence
02-27 07:14:57.095  4381  4503 D com.disha.quickride.androidapp.event.LocationUpdateEventServiceProxy: Initializing unprocessed messages from persistence
02-27 07:14:57.099  4381  4503 D com.disha.quickride.androidapp.event.EventServicePersistenceHelper: 0 unprocessed messages read from persistence
02-27 07:14:57.099  4381  4503 D com.disha.quickride.androidapp.event.EventServicePersistenceHelper: 0 unprocessed messages read from persistence
02-27 07:14:57.099  4381  4503 D com.disha.quickride.androidapp.usermgmt.UserMessageListener: subscribeToUserMsgUpdates
02-27 07:14:57.099  4381  4503 D com.disha.quickride.androidapp.event.RideMgmtEventServiceProxy: Adding topic name to subscriptions queue :userMsg/80505594696653
02-27 07:14:57.099  4381  4503 D com.disha.quickride.androidapp.usermgmt.UserMessageListener: subscribeToUserMsgUpdates
02-27 07:14:57.099  4381  4503 D com.disha.quickride.androidapp.event.RideMgmtEventServiceProxy: Adding topic name to subscriptions queue :userMsg/80505594696653
02-27 07:14:57.100  4381  4503 D com.disha.quickride.androidapp.event.EventModuleSessionManager: Establishing event service connection
02-27 07:14:57.100  4381  4503 D com.disha.quickride.androidapp.event.RideMgmtEventServiceProxy: Entering dispatchAllMessagesArrivedBeforeSessionWasInitialized
02-27 07:14:57.100  4381  4503 D com.disha.quickride.androidapp.event.EventModuleSessionManager: Establishing event service connection
02-27 07:14:57.100  4381  4503 D com.disha.quickride.androidapp.event.RideMgmtEventServiceProxy: Entering dispatchAllMessagesArrivedBeforeSessionWasInitialized
02-27 07:14:57.101  4381  4522 D com.disha.quickride.androidapp.event.InitialMessagesDispatchTask: Dispatching initial messages
02-27 07:14:57.101  4381  4522 D com.disha.quickride.androidapp.event.InitialMessagesDispatchTask: Dispatching initial messages
02-27 07:14:57.101  4381  4503 D com.disha.quickride.androidapp.event.LocationUpdateEventServiceProxy: Entering dispatchAllMessagesArrivedBeforeSessionWasInitialized
02-27 07:14:57.101  4381  4503 D com.disha.quickride.androidapp.event.LocationUpdateEventServiceProxy: Entering dispatchAllMessagesArrivedBeforeSessionWasInitialized
02-27 07:14:57.102  4381  4524 D com.disha.quickride.androidapp.event.InitialMessagesDispatchTask: Dispatching initial messages
02-27 07:14:57.102  4381  4524 D com.disha.quickride.androidapp.event.InitialMessagesDispatchTask: Dispatching initial messages
02-27 07:14:57.111  4381  4503 I com.disha.quickride.androidapp.ridemgmt.RideManagementMqttProxy: subscribing to topic of existing rides
02-27 07:14:57.111  4381  4503 I com.disha.quickride.androidapp.ridemgmt.RideManagementMqttProxy: subscribing to topic of existing rides
02-27 07:14:57.111  4381  4503 I com.disha.quickride.androidapp.ridemgmt.RideManagementMqttProxy: subscribing to topic of existing rider rides
02-27 07:14:57.111  4381  4503 I com.disha.quickride.androidapp.ridemgmt.RideManagementMqttProxy: subscribing to topic of existing rider rides
02-27 07:14:57.111  4381  4503 D com.disha.quickride.androidapp.groupchat.RideGroupChatMqttListener: Subscribing to collection of rides
02-27 07:14:57.111  4381  4503 D com.disha.quickride.androidapp.groupchat.RideGroupChatMqttListener: Subscribing to collection of rides
02-27 07:14:57.111  4381  4503 I com.disha.quickride.androidapp.ridemgmt.RideManagementMqttProxy: subscribing to topic of existing passenger rides
02-27 07:14:57.111  4381  4503 D com.disha.quickride.androidapp.groupchat.RideGroupChatMqttListener: Subscribing to collection of rides
02-27 07:14:57.111  4381  4503 I com.disha.quickride.androidapp.ridemgmt.RideManagementMqttProxy: subscribing to topic of existing passenger rides
02-27 07:14:57.111  4381  4503 D com.disha.quickride.androidapp.groupchat.RideGroupChatMqttListener: Subscribing to collection of rides
02-27 07:14:57.113  4381  4527 D com.disha.quickride.androidapp.notification.GcmKeepAliveTask: Sending heart beat to keep GCM connection alive
02-27 07:14:57.113  4381  4527 D com.disha.quickride.androidapp.notification.GcmKeepAliveTask: Sending heart beat to keep GCM connection alive
02-27 07:14:57.124  4381  4527 D com.disha.quickride.androidapp.common.AndroidRestClient.AndroidClientLogger: RestClient.callService with httpRequestMethod =  GET
02-27 07:14:57.124  4381  4527 D com.disha.quickride.androidapp.common.AndroidRestClient.AndroidClientLogger: RestClient.callService with httpRequestMethod =  GET
02-27 07:14:58.443  4381  4419 D com.facebook.FacebookSdk: getGraphApiVersion: v3.0
02-27 07:14:58.443  4381  4419 D com.facebook.FacebookSdk: getGraphApiVersion: v3.0
02-27 07:15:06.384  4381  4527 D com.disha.quickride.androidapp.common.AndroidRestClient.AndroidClientLogger: RestClient.callService response code :  502
02-27 07:15:06.384  4381  4527 D com.disha.quickride.androidapp.common.AndroidRestClient.AndroidClientLogger: RestClient.callService response code :  502
