03-05 06:59:19.929 24726 24809 D com.disha.quickride.androidapp.startup.session.SessionManager: Performing session change operation on com.disha.quickride.androidapp.common.serverConfig.ClientConfigurationModuleSessionManager@28f4235
03-05 06:59:19.929 24726 24809 D com.disha.quickride.androidapp.common.serverConfig.ClientConfigurationModuleSessionManager: Resuming basic user session
03-05 06:59:19.937 24726 24809 D com.disha.quickride.androidapp.common.serverConfig.ConfigurationCache: locationMgmtEventBrokerURL = tcp://locevents.getquickride.com:1883
03-05 06:59:19.939 24726 24809 D com.disha.quickride.androidapp.startup.session.SessionManager: Performing session change operation on com.disha.quickride.androidapp.usermgmt.UserModuleSessionManager@9e9dd04
03-05 06:59:19.939 24726 24809 D com.disha.quickride.androidapp.usermgmt.UserModuleSessionManager: Resume basic user session
03-05 06:59:19.949 24726 24809 W Java7Support: Unable to load JDK7 types (annotations, java.nio.file.Path): no Java7 support added
03-05 06:59:19.963 24726 24726 D ApplicationLoaders: ignored Vulkan layer search path /data/app/com.google.android.gms-1/lib/arm64:/data/app/com.google.android.gms-1/base.apk!/lib/arm64-v8a for namespace 0x7f85679160
03-05 06:59:19.963 24726 24726 W ResourceType: No package identifier when getting name for resource number 0x00000000
03-05 06:59:19.983 24726 24726 V NativeCrypto: Registering com/google/android/gms/org/conscrypt/NativeCrypto's 287 native methods...
03-05 06:59:20.017 24726 24726 I ProviderInstaller: Installed default security provider GmsCore_OpenSSL
03-05 06:59:20.031 24726 24726 E FirebaseInstanceId: Error while delivering the message: ServiceIntent not found.
03-05 06:59:20.196 24726 24821 D com.disha.quickride.androidapp.notification.GcmKeepAliveTask: Sending heart beat to keep GCM connection alive
03-05 06:59:20.196 24726 24821 D com.disha.quickride.androidapp.notification.GcmKeepAliveTask: Sending heart beat to keep GCM connection alive
03-05 06:59:20.244 24726 24821 D com.disha.quickride.androidapp.common.AndroidRestClient.AndroidClientLogger: RestClient.callService with httpRequestMethod =  GET
03-05 06:59:20.244 24726 24821 D com.disha.quickride.androidapp.common.AndroidRestClient.AndroidClientLogger: RestClient.callService with httpRequestMethod =  GET
03-05 06:59:20.434 24726 24731 I art     : Do partial code cache collection, code=19KB, data=30KB
03-05 06:59:20.434 24726 24731 I art     : Do partial code cache collection, code=19KB, data=30KB
03-05 06:59:20.439 24726 24731 I art     : After code cache collection, code=19KB, data=30KB
03-05 06:59:20.439 24726 24731 I art     : After code cache collection, code=19KB, data=30KB
03-05 06:59:20.439 24726 24731 I art     : Increasing code cache capacity to 128KB
03-05 06:59:20.439 24726 24731 I art     : Increasing code cache capacity to 128KB
03-05 06:59:21.199 24726 24731 I art     : Do partial code cache collection, code=58KB, data=61KB
03-05 06:59:21.200 24726 24731 I art     : After code cache collection, code=58KB, data=61KB
03-05 06:59:21.200 24726 24731 I art     : Increasing code cache capacity to 256KB
03-05 06:59:21.199 24726 24731 I art     : Do partial code cache collection, code=58KB, data=61KB
03-05 06:59:21.200 24726 24731 I art     : After code cache collection, code=58KB, data=61KB
03-05 06:59:21.200 24726 24731 I art     : Increasing code cache capacity to 256KB
03-05 06:59:21.270 24726 24842 D com.disha.quickride.androidapp.conversation.ConversationChatRestServiceClient: getPendingChatMessages80505594696653
03-05 06:59:21.270 24726 24842 D com.disha.quickride.androidapp.conversation.ConversationChatRestServiceClient: getPendingChatMessages80505594696653
03-05 06:59:21.272 24726 24842 D com.disha.quickride.androidapp.notification.GcmKeepAliveTask: Sending heart beat to keep GCM connection alive
03-05 06:59:21.272 24726 24842 D com.disha.quickride.androidapp.notification.GcmKeepAliveTask: Sending heart beat to keep GCM connection alive
03-05 06:59:21.318 24726 24842 D com.disha.quickride.androidapp.common.AndroidRestClient.AndroidClientLogger: RestClient.callService with httpRequestMethod =  GET
03-05 06:59:21.318 24726 24842 D com.disha.quickride.androidapp.common.AndroidRestClient.AndroidClientLogger: RestClient.callService with httpRequestMethod =  GET
03-05 06:59:22.274 24726 24809 D com.disha.quickride.androidapp.startup.session.SessionManager: Performing session change operation on com.disha.quickride.androidapp.event.EventModuleSessionManager@c9b47be
03-05 06:59:22.274 24726 24809 D com.disha.quickride.androidapp.startup.session.SessionManager: Performing session change operation on com.disha.quickride.androidapp.event.EventModuleSessionManager@c9b47be
03-05 06:59:22.276 24726 24809 D com.disha.quickride.androidapp.startup.session.SessionManager: Performing session change operation on com.disha.quickride.androidapp.ridemgmt.RideMgmtModuleSessionHandler@af0cf6c
03-05 06:59:22.276 24726 24809 I com.disha.quickride.androidapp.ridemgmt.RideMgmtModuleSessionHandler: resumeBasicUserSession
03-05 06:59:22.276 24726 24809 D com.disha.quickride.androidapp.startup.session.SessionManager: Performing session change operation on com.disha.quickride.androidapp.ridemgmt.RideMgmtModuleSessionHandler@af0cf6c
03-05 06:59:22.276 24726 24809 I com.disha.quickride.androidapp.ridemgmt.RideMgmtModuleSessionHandler: resumeBasicUserSession
03-05 06:59:22.434 24726 24809 D com.disha.quickride.androidapp.notification.GcmKeepAliveTask: Sending heart beat to keep GCM connection alive
03-05 06:59:22.434 24726 24809 D com.disha.quickride.androidapp.notification.GcmKeepAliveTask: Sending heart beat to keep GCM connection alive
03-05 06:59:22.437 24726 24809 D com.disha.quickride.androidapp.common.AndroidRestClient.AndroidClientLogger: RestClient.callService with httpRequestMethod =  GET
03-05 06:59:22.437 24726 24809 D com.disha.quickride.androidapp.common.AndroidRestClient.AndroidClientLogger: RestClient.callService with httpRequestMethod =  GET
03-05 06:59:22.710 24726 24759 D com.facebook.FacebookSdk: getGraphApiVersion: v3.0
03-05 06:59:22.710 24726 24759 D com.facebook.FacebookSdk: getGraphApiVersion: v3.0
03-05 06:59:22.712 24726 24758 D com.facebook.FacebookSdk: getGraphApiVersion: v3.0
03-05 06:59:22.712 24726 24758 D com.facebook.FacebookSdk: getGraphApiVersion: v3.0
03-05 06:59:26.171 24726 24821 D com.disha.quickride.androidapp.common.AndroidRestClient.AndroidClientLogger: RestClient.callService response code :  200
03-05 06:59:26.171 24726 24821 D com.disha.quickride.androidapp.common.AndroidRestClient.AndroidClientLogger: RestClient.callService response code :  200
03-05 06:59:29.241 24726 24885 W Fabric  : Could not call getId on com.google.android.gms.ads.identifier.AdvertisingIdClient$Info
03-05 06:59:29.242 24726 24885 W Fabric  : Could not call isLimitAdTrackingEnabled on com.google.android.gms.ads.identifier.AdvertisingIdClient$Info
03-05 06:59:29.241 24726 24885 W Fabric  : Could not call getId on com.google.android.gms.ads.identifier.AdvertisingIdClient$Info
03-05 06:59:29.242 24726 24885 W Fabric  : Could not call isLimitAdTrackingEnabled on com.google.android.gms.ads.identifier.AdvertisingIdClient$Info
03-05 06:59:29.268 24726 24896 W Fabric  : Could not call getId on com.google.android.gms.ads.identifier.AdvertisingIdClient$Info
03-05 06:59:29.268 24726 24896 W Fabric  : Could not call isLimitAdTrackingEnabled on com.google.android.gms.ads.identifier.AdvertisingIdClient$Info
03-05 06:59:29.268 24726 24896 W Fabric  : Could not call getId on com.google.android.gms.ads.identifier.AdvertisingIdClient$Info
03-05 06:59:29.268 24726 24896 W Fabric  : Could not call isLimitAdTrackingEnabled on com.google.android.gms.ads.identifier.AdvertisingIdClient$Info
03-05 06:59:31.944 24726 24842 D com.disha.quickride.androidapp.common.AndroidRestClient.AndroidClientLogger: RestClient.callService response code :  502
03-05 06:59:31.944 24726 24842 D com.disha.quickride.androidapp.common.AndroidRestClient.AndroidClientLogger: RestClient.callService response code :  502
03-05 06:59:31.945 24726 24842 D com.disha.quickride.androidapp.common.AndroidRestClient.AndroidClientLogger: RestResponse.handleServiceErrorResponse  <html><head><meta http-equiv="content-type" content="text/html;charset=utf-8"><title>502 Server Error</title></head><body text=#000000 bgcolor=#ffffff><h1>Error: Server Error</h1><h2>The server encountered a temporary error and could not complete your request.<p>Please try again in 30 seconds.</h2><h2></h2></body></html>
03-05 06:59:31.945 24726 24842 D com.disha.quickride.androidapp.common.AndroidRestClient.AndroidClientLogger: RestResponse.handleServiceErrorResponse  <html><head><meta http-equiv="content-type" content="text/html;charset=utf-8"><title>502 Server Error</title></head><body text=#000000 bgcolor=#ffffff><h1>Error: Server Error</h1><h2>The server encountered a temporary error and could not complete your request.<p>Please try again in 30 seconds.</h2><h2></h2></body></html>
03-05 06:59:31.947 24726 24842 E com.disha.quickride.androidapp.common.AndroidRestClient.AndroidClientLogger: RestResponse.getJSONTextFromResponse failed<html><head><meta http-equiv="content-type" content="text/html;charset=utf-8"><title>502 Server Error</title></head><body text=#000000 bgcolor=#ffffff><h1>Error: Server Error</h1><h2>The server encountered a temporary error and could not complete your request.<p>Please try again in 30 seconds.</h2><h2></h2></body></html> com.fasterxml.jackson.core.JsonParseException: Unexpected character ('<' (code 60)): expected a valid value (number, String, array, object, 'true', 'false' or 'null')
03-05 06:59:31.947 24726 24842 E com.disha.quickride.androidapp.common.AndroidRestClient.AndroidClientLogger:  at [Source: (String)"<html><head><meta http-equiv="content-type" content="text/html;charset=utf-8"><title>502 Server Error</title></head><body text=#000000 bgcolor=#ffffff><h1>Error: Server Error</h1><h2>The server encountered a temporary error and could not complete your request.<p>Please try again in 30 seconds.</h2><h2></h2></body></html>"; line: 1, column: 2]
03-05 06:59:31.947 24726 24842 E com.disha.quickride.androidapp.common.AndroidRestClient.AndroidClientLogger: RestResponse.getJSONTextFromResponse failed<html><head><meta http-equiv="content-type" content="text/html;charset=utf-8"><title>502 Server Error</title></head><body text=#000000 bgcolor=#ffffff><h1>Error: Server Error</h1><h2>The server encountered a temporary error and could not complete your request.<p>Please try again in 30 seconds.</h2><h2></h2></body></html> com.fasterxml.jackson.core.JsonParseException: Unexpected character ('<' (code 60)): expected a valid value (number, String, array, object, 'true', 'false' or 'null')
03-05 06:59:31.947 24726 24842 E com.disha.quickride.androidapp.common.AndroidRestClient.AndroidClientLogger:  at [Source: (String)"<html><head><meta http-equiv="content-type" content="text/html;charset=utf-8"><title>502 Server Error</title></head><body text=#000000 bgcolor=#ffffff><h1>Error: Server Error</h1><h2>The server encountered a temporary error and could not complete your request.<p>Please try again in 30 seconds.</h2><h2></h2></body></html>"; line: 1, column: 2]
03-05 06:59:31.950 24726 24809 D com.disha.quickride.androidapp.common.AndroidRestClient.AndroidClientLogger: RestClient.callService response code :  502
03-05 06:59:31.951 24726 24809 D com.disha.quickride.androidapp.common.AndroidRestClient.AndroidClientLogger: RestResponse.handleServiceErrorResponse  <html><head><meta http-equiv="content-type" content="text/html;charset=utf-8"><title>502 Server Error</title></head><body text=#000000 bgcolor=#ffffff><h1>Error: Server Error</h1><h2>The server encountered a temporary error and could not complete your request.<p>Please try again in 30 seconds.</h2><h2></h2></body></html>
03-05 06:59:31.953 24726 24809 E com.disha.quickride.androidapp.common.AndroidRestClient.AndroidClientLogger: RestResponse.getJSONTextFromResponse failed<html><head><meta http-equiv="content-type" content="text/html;charset=utf-8"><title>502 Server Error</title></head><body text=#000000 bgcolor=#ffffff><h1>Error: Server Error</h1><h2>The server encountered a temporary error and could not complete your request.<p>Please try again in 30 seconds.</h2><h2></h2></body></html> com.fasterxml.jackson.core.JsonParseException: Unexpected character ('<' (code 60)): expected a valid value (number, String, array, object, 'true', 'false' or 'null')
03-05 06:59:31.953 24726 24809 E com.disha.quickride.androidapp.common.AndroidRestClient.AndroidClientLogger:  at [Source: (String)"<html><head><meta http-equiv="content-type" content="text/html;charset=utf-8"><title>502 Server Error</title></head><body text=#000000 bgcolor=#ffffff><h1>Error: Server Error</h1><h2>The server encountered a temporary error and could not complete your request.<p>Please try again in 30 seconds.</h2><h2></h2></body></html>"; line: 1, column: 2]
03-05 06:59:31.950 24726 24809 D com.disha.quickride.androidapp.common.AndroidRestClient.AndroidClientLogger: RestClient.callService response code :  502
03-05 06:59:31.951 24726 24809 D com.disha.quickride.androidapp.common.AndroidRestClient.AndroidClientLogger: RestResponse.handleServiceErrorResponse  <html><head><meta http-equiv="content-type" content="text/html;charset=utf-8"><title>502 Server Error</title></head><body text=#000000 bgcolor=#ffffff><h1>Error: Server Error</h1><h2>The server encountered a temporary error and could not complete your request.<p>Please try again in 30 seconds.</h2><h2></h2></body></html>
03-05 06:59:31.953 24726 24809 E com.disha.quickride.androidapp.common.AndroidRestClient.AndroidClientLogger: RestResponse.getJSONTextFromResponse failed<html><head><meta http-equiv="content-type" content="text/html;charset=utf-8"><title>502 Server Error</title></head><body text=#000000 bgcolor=#ffffff><h1>Error: Server Error</h1><h2>The server encountered a temporary error and could not complete your request.<p>Please try again in 30 seconds.</h2><h2></h2></body></html> com.fasterxml.jackson.core.JsonParseException: Unexpected character ('<' (code 60)): expected a valid value (number, String, array, object, 'true', 'false' or 'null')
03-05 06:59:31.953 24726 24809 E com.disha.quickride.androidapp.common.AndroidRestClient.AndroidClientLogger:  at [Source: (String)"<html><head><meta http-equiv="content-type" content="text/html;charset=utf-8"><title>502 Server Error</title></head><body text=#000000 bgcolor=#ffffff><h1>Error: Server Error</h1><h2>The server encountered a temporary error and could not complete your request.<p>Please try again in 30 seconds.</h2><h2></h2></body></html>"; line: 1, column: 2]
03-05 06:59:32.105 24726 24842 E com.disha.quickride.androidapp.common.AndroidRestClient.AndroidClientLogger: handleServiceErrorResponse : Failed to process response error com.disha.quickride.rest.client.RestClientException: [errorCode: 9203 ][httpStatusCode: 500 ][userMsg: Service response error ][hintForCorrection: Please try after sometime ]com.fasterxml.jackson.core.JsonParseException: Unexpected character ('<' (code 60)): expected a valid value (number, String, array, object, 'true', 'false' or 'null')
03-05 06:59:32.105 24726 24842 E com.disha.quickride.androidapp.common.AndroidRestClient.AndroidClientLogger:  at [Source: (String)"<html><head><meta http-equiv="content-type" content="text/html;charset=utf-8"><title>502 Server Error</title></head><body text=#000000 bgcolor=#ffffff><h1>Error: Server Error</h1><h2>The server encountered a temporary error and could not complete your request.<p>Please try again in 30 seconds.</h2><h2></h2></body></html>"; line: 1, column: 2]
03-05 06:59:32.105 24726 24842 E com.disha.quickride.androidapp.common.AndroidRestClient.AndroidClientLogger: handleServiceErrorResponse : Failed to process response error com.disha.quickride.rest.client.RestClientException: [errorCode: 9203 ][httpStatusCode: 500 ][userMsg: Service response error ][hintForCorrection: Please try after sometime ]com.fasterxml.jackson.core.JsonParseException: Unexpected character ('<' (code 60)): expected a valid value (number, String, array, object, 'true', 'false' or 'null')
03-05 06:59:32.105 24726 24842 E com.disha.quickride.androidapp.common.AndroidRestClient.AndroidClientLogger:  at [Source: (String)"<html><head><meta http-equiv="content-type" content="text/html;charset=utf-8"><title>502 Server Error</title></head><body text=#000000 bgcolor=#ffffff><h1>Error: Server Error</h1><h2>The server encountered a temporary error and could not complete your request.<p>Please try again in 30 seconds.</h2><h2></h2></body></html>"; line: 1, column: 2]
03-05 06:59:32.108 24726 24809 E com.disha.quickride.androidapp.common.AndroidRestClient.AndroidClientLogger: handleServiceErrorResponse : Failed to process response error com.disha.quickride.rest.client.RestClientException: [errorCode: 9203 ][httpStatusCode: 500 ][userMsg: Service response error ][hintForCorrection: Please try after sometime ]com.fasterxml.jackson.core.JsonParseException: Unexpected character ('<' (code 60)): expected a valid value (number, String, array, object, 'true', 'false' or 'null')
03-05 06:59:32.108 24726 24809 E com.disha.quickride.androidapp.common.AndroidRestClient.AndroidClientLogger:  at [Source: (String)"<html><head><meta http-equiv="content-type" content="text/html;charset=utf-8"><title>502 Server Error</title></head><body text=#000000 bgcolor=#ffffff><h1>Error: Server Error</h1><h2>The server encountered a temporary error and could not complete your request.<p>Please try again in 30 seconds.</h2><h2></h2></body></html>"; line: 1, column: 2]
03-05 06:59:32.108 24726 24809 E com.disha.quickride.androidapp.common.AndroidRestClient.AndroidClientLogger: handleServiceErrorResponse : Failed to process response error com.disha.quickride.rest.client.RestClientException: [errorCode: 9203 ][httpStatusCode: 500 ][userMsg: Service response error ][hintForCorrection: Please try after sometime ]com.fasterxml.jackson.core.JsonParseException: Unexpected character ('<' (code 60)): expected a valid value (number, String, array, object, 'true', 'false' or 'null')
03-05 06:59:32.108 24726 24809 E com.disha.quickride.androidapp.common.AndroidRestClient.AndroidClientLogger:  at [Source: (String)"<html><head><meta http-equiv="content-type" content="text/html;charset=utf-8"><title>502 Server Error</title></head><body text=#000000 bgcolor=#ffffff><h1>Error: Server Error</h1><h2>The server encountered a temporary error and could not complete your request.<p>Please try again in 30 seconds.</h2><h2></h2></body></html>"; line: 1, column: 2]
03-05 06:59:32.109 24726 24809 D com.disha.quickride.androidapp.myrides.cache.MyActiveRidesCache: syncAllRides :com.disha.quickride.rest.client.RestClientException: [errorCode: 9203 ][httpStatusCode: 500 ][userMsg: Service response error ][hintForCorrection: Please try after sometime ]com.fasterxml.jackson.core.JsonParseException: Unexpected character ('<' (code 60)): expected a valid value (number, String, array, object, 'true', 'false' or 'null')
03-05 06:59:32.109 24726 24809 D com.disha.quickride.androidapp.myrides.cache.MyActiveRidesCache:  at [Source: (String)"<html><head><meta http-equiv="content-type" content="text/html;charset=utf-8"><title>502 Server Error</title></head><body text=#000000 bgcolor=#ffffff><h1>Error: Server Error</h1><h2>The server encountered a temporary error and could not complete your request.<p>Please try again in 30 seconds.</h2><h2></h2></body></html>"; line: 1, column: 2]
03-05 06:59:32.109 24726 24809 D com.disha.quickride.androidapp.myrides.cache.MyActiveRidesCache: syncAllRides :com.disha.quickride.rest.client.RestClientException: [errorCode: 9203 ][httpStatusCode: 500 ][userMsg: Service response error ][hintForCorrection: Please try after sometime ]com.fasterxml.jackson.core.JsonParseException: Unexpected character ('<' (code 60)): expected a valid value (number, String, array, object, 'true', 'false' or 'null')
03-05 06:59:32.109 24726 24809 D com.disha.quickride.androidapp.myrides.cache.MyActiveRidesCache:  at [Source: (String)"<html><head><meta http-equiv="content-type" content="text/html;charset=utf-8"><title>502 Server Error</title></head><body text=#000000 bgcolor=#ffffff><h1>Error: Server Error</h1><h2>The server encountered a temporary error and could not complete your request.<p>Please try again in 30 seconds.</h2><h2></h2></body></html>"; line: 1, column: 2]
03-05 06:59:32.210 24726 24809 I com.disha.quickride.androidapp.rideview.location.LocationChangeListener: checking if location update is required based on ride start time
03-05 06:59:32.210 24726 24809 I com.disha.quickride.androidapp.rideview.location.LocationChangeListener: checking if location update is required based on ride start time
03-05 06:59:32.210 24726 24809 I com.disha.quickride.androidapp.myrides.cache.MyActiveRidesCache: checking earliest ride starting time
03-05 06:59:32.210 24726 24809 I com.disha.quickride.androidapp.myrides.cache.MyActiveRidesCache: checking earliest ride starting time
03-05 06:59:32.225 24726 24809 D com.disha.quickride.androidapp.rideview.location.LocationChangeListener: Service running status : false
03-05 06:59:32.225 24726 24809 D com.disha.quickride.androidapp.rideview.location.LocationChangeListener: Service running status : false
03-05 06:59:32.226 24726 24809 D com.disha.quickride.androidapp.myrides.cache.MyClosedRidesCache: Loading closed rides from local database
03-05 06:59:32.226 24726 24809 D com.disha.quickride.androidapp.myrides.cache.MyClosedRidesCache: Loading closed rides from local database
03-05 06:59:32.239 24726 24809 D com.disha.quickride.androidapp.myrides.cache.MyCompletedRidesCachePersistenceHelper: getting all rider rides from databse
03-05 06:59:32.239 24726 24809 D com.disha.quickride.androidapp.myrides.cache.MyCompletedRidesCachePersistenceHelper: getting all rider rides from databse
03-05 06:59:32.251 24726 24809 D com.disha.quickride.androidapp.myrides.cache.MyCompletedRidesCachePersistenceHelper: getting all passenger rides
03-05 06:59:32.251 24726 24809 D com.disha.quickride.androidapp.myrides.cache.MyCompletedRidesCachePersistenceHelper: getting all passenger rides
03-05 06:59:32.275 24726 24809 D com.disha.quickride.androidapp.myrides.cache.MyCompletedRidesCachePersistenceHelper: getting all regular passenger rides
03-05 06:59:32.275 24726 24809 D com.disha.quickride.androidapp.myrides.cache.MyCompletedRidesCachePersistenceHelper: getting all regular passenger rides
03-05 06:59:32.282 24726 24809 D com.disha.quickride.androidapp.myrides.cache.MyCompletedRidesCachePersistenceHelper: getting all regular passenger rides
03-05 06:59:32.282 24726 24809 D com.disha.quickride.androidapp.myrides.cache.MyCompletedRidesCachePersistenceHelper: getting all regular passenger rides
03-05 06:59:32.308 24726 24809 I com.disha.quickride.androidapp.usermgmt.cache.UserDataCache: getting of user name
03-05 06:59:32.308 24726 24809 I com.disha.quickride.androidapp.usermgmt.cache.UserDataCache: getting of user name
03-05 06:59:32.308 24726 24809 D com.disha.quickride.androidapp.startup.session.SessionManagerController: Session change operation completed successfully
03-05 06:59:32.308 24726 24809 D com.disha.quickride.androidapp.startup.session.SessionManagerController: Session change operation completed successfully
03-05 06:59:32.308 24726 24809 D com.disha.quickride.androidapp.startup.session.SessionSetupAsyncTask: Session change operation completed successfully
03-05 06:59:32.308 24726 24809 D com.disha.quickride.androidapp.startup.session.SessionSetupAsyncTask: Session change operation completed successfully
03-05 06:59:32.311 24726 24809 D com.disha.quickride.androidapp.startup.session.SessionManagerController: Stopping WatchdogService
03-05 06:59:32.311 24726 24809 D com.disha.quickride.androidapp.startup.session.SessionManagerController: Stopping WatchdogService
03-05 06:59:32.312 24726 24809 D com.disha.quickride.androidapp.startup.session.SessionManagerController: Cancelling alarm that was set to check watchdog service
03-05 06:59:32.312 24726 24809 D com.disha.quickride.androidapp.startup.session.SessionManagerController: Cancelling alarm that was set to check watchdog service
03-05 06:59:32.321 24726 24809 D com.disha.quickride.androidapp.startup.session.SessionSetupAsyncTask: Session change operation took 12410 ms
03-05 06:59:32.321 24726 24809 D com.disha.quickride.androidapp.startup.session.SessionSetupAsyncTask: Session change operation took 12410 ms
03-05 07:00:30.584 24726 24904 D com.disha.quickride.androidapp.event.EventModuleSessionManager: Resuming complete user session
03-05 07:00:30.584 24726 24904 D com.disha.quickride.androidapp.event.EventModuleSessionManager: Resuming complete user session
03-05 07:00:30.594 24726 24904 D com.disha.quickride.androidapp.event.EventServicePersistenceHelper: Purging old messages with condition : time <= 1551727830584
03-05 07:00:30.594 24726 24904 D com.disha.quickride.androidapp.event.EventServicePersistenceHelper: Purging old messages with condition : time <= 1551727830584
03-05 07:00:30.595 24726 24904 D com.disha.quickride.androidapp.event.EventServicePersistenceHelper: No of old messages purged : 0
03-05 07:00:30.595 24726 24904 D com.disha.quickride.androidapp.event.EventServicePersistenceHelper: No of old messages purged : 0
03-05 07:00:30.602 24726 24904 D com.disha.quickride.androidapp.event.EventServicePersistenceHelper: 0 messages read from persistence
03-05 07:00:30.602 24726 24904 D com.disha.quickride.androidapp.event.RideMgmtEventServiceProxy: Initializing unprocessed messages from persistence
03-05 07:00:30.602 24726 24904 D com.disha.quickride.androidapp.event.EventServicePersistenceHelper: 0 messages read from persistence
03-05 07:00:30.602 24726 24904 D com.disha.quickride.androidapp.event.RideMgmtEventServiceProxy: Initializing unprocessed messages from persistence
03-05 07:00:34.641 24726 24904 D com.disha.quickride.androidapp.event.EventServicePersistenceHelper: 0 unprocessed messages read from persistence
03-05 07:00:34.641 24726 24904 D com.disha.quickride.androidapp.event.EventServicePersistenceHelper: 0 unprocessed messages read from persistence
03-05 07:00:34.645 24726 24904 D com.disha.quickride.androidapp.event.EventServicePersistenceHelper: Purging old messages with condition : time <= 1551727834641
03-05 07:00:34.645 24726 24904 D com.disha.quickride.androidapp.event.EventServicePersistenceHelper: Purging old messages with condition : time <= 1551727834641
03-05 07:00:34.646 24726 24904 D com.disha.quickride.androidapp.event.EventServicePersistenceHelper: No of old messages purged : 0
03-05 07:00:34.646 24726 24904 D com.disha.quickride.androidapp.event.EventServicePersistenceHelper: No of old messages purged : 0
03-05 07:00:34.652 24726 24904 D com.disha.quickride.androidapp.event.EventServicePersistenceHelper: 0 messages read from persistence
03-05 07:00:34.652 24726 24904 D com.disha.quickride.androidapp.event.EventServicePersistenceHelper: 0 messages read from persistence
03-05 07:00:34.652 24726 24904 D com.disha.quickride.androidapp.event.LocationUpdateEventServiceProxy: Initializing unprocessed messages from persistence
03-05 07:00:34.652 24726 24904 D com.disha.quickride.androidapp.event.LocationUpdateEventServiceProxy: Initializing unprocessed messages from persistence
03-05 07:00:34.656 24726 24904 D com.disha.quickride.androidapp.event.EventServicePersistenceHelper: 0 unprocessed messages read from persistence
03-05 07:00:34.656 24726 24904 D com.disha.quickride.androidapp.event.EventServicePersistenceHelper: 0 unprocessed messages read from persistence
03-05 07:00:34.657 24726 24904 D com.disha.quickride.androidapp.usermgmt.UserMessageListener: subscribeToUserMsgUpdates
03-05 07:00:34.657 24726 24904 D com.disha.quickride.androidapp.event.RideMgmtEventServiceProxy: Adding topic name to subscriptions queue :userMsg/80505594696653
03-05 07:00:34.657 24726 24904 D com.disha.quickride.androidapp.usermgmt.UserMessageListener: subscribeToUserMsgUpdates
03-05 07:00:34.657 24726 24904 D com.disha.quickride.androidapp.event.RideMgmtEventServiceProxy: Adding topic name to subscriptions queue :userMsg/80505594696653
03-05 07:00:34.658 24726 24904 D com.disha.quickride.androidapp.event.EventModuleSessionManager: Establishing event service connection
03-05 07:00:34.658 24726 24904 D com.disha.quickride.androidapp.event.RideMgmtEventServiceProxy: Entering dispatchAllMessagesArrivedBeforeSessionWasInitialized
03-05 07:00:34.658 24726 24904 D com.disha.quickride.androidapp.event.EventModuleSessionManager: Establishing event service connection
03-05 07:00:34.658 24726 24904 D com.disha.quickride.androidapp.event.RideMgmtEventServiceProxy: Entering dispatchAllMessagesArrivedBeforeSessionWasInitialized
03-05 07:00:34.659 24726 24925 D com.disha.quickride.androidapp.event.InitialMessagesDispatchTask: Dispatching initial messages
03-05 07:00:34.659 24726 24925 D com.disha.quickride.androidapp.event.InitialMessagesDispatchTask: Dispatching initial messages
03-05 07:00:34.659 24726 24904 D com.disha.quickride.androidapp.event.LocationUpdateEventServiceProxy: Entering dispatchAllMessagesArrivedBeforeSessionWasInitialized
03-05 07:00:34.659 24726 24904 D com.disha.quickride.androidapp.event.LocationUpdateEventServiceProxy: Entering dispatchAllMessagesArrivedBeforeSessionWasInitialized
03-05 07:00:34.659 24726 24927 D com.disha.quickride.androidapp.event.InitialMessagesDispatchTask: Dispatching initial messages
03-05 07:00:34.659 24726 24927 D com.disha.quickride.androidapp.event.InitialMessagesDispatchTask: Dispatching initial messages
03-05 07:00:34.669 24726 24904 I com.disha.quickride.androidapp.ridemgmt.RideManagementMqttProxy: subscribing to topic of existing rides
03-05 07:00:34.669 24726 24904 I com.disha.quickride.androidapp.ridemgmt.RideManagementMqttProxy: subscribing to topic of existing rides
03-05 07:00:34.670 24726 24904 I com.disha.quickride.androidapp.ridemgmt.RideManagementMqttProxy: subscribing to topic of existing rider rides
03-05 07:00:34.670 24726 24904 I com.disha.quickride.androidapp.ridemgmt.RideManagementMqttProxy: subscribing to topic of existing rider rides
03-05 07:00:34.670 24726 24904 D com.disha.quickride.androidapp.groupchat.RideGroupChatMqttListener: Subscribing to collection of rides
03-05 07:00:34.670 24726 24904 D com.disha.quickride.androidapp.groupchat.RideGroupChatMqttListener: Subscribing to collection of rides
03-05 07:00:34.670 24726 24904 I com.disha.quickride.androidapp.ridemgmt.RideManagementMqttProxy: subscribing to topic of existing passenger rides
03-05 07:00:34.670 24726 24904 I com.disha.quickride.androidapp.ridemgmt.RideManagementMqttProxy: subscribing to topic of existing passenger rides
03-05 07:00:34.670 24726 24904 D com.disha.quickride.androidapp.groupchat.RideGroupChatMqttListener: Subscribing to collection of rides
03-05 07:00:34.670 24726 24904 D com.disha.quickride.androidapp.groupchat.RideGroupChatMqttListener: Subscribing to collection of rides
03-05 07:00:34.671 24726 24930 D com.disha.quickride.androidapp.notification.GcmKeepAliveTask: Sending heart beat to keep GCM connection alive
03-05 07:00:34.671 24726 24930 D com.disha.quickride.androidapp.notification.GcmKeepAliveTask: Sending heart beat to keep GCM connection alive
03-05 07:00:34.686 24726 24930 D com.disha.quickride.androidapp.common.AndroidRestClient.AndroidClientLogger: RestClient.callService with httpRequestMethod =  GET
03-05 07:00:34.686 24726 24930 D com.disha.quickride.androidapp.common.AndroidRestClient.AndroidClientLogger: RestClient.callService with httpRequestMethod =  GET
03-05 07:00:34.874 24726 24930 D com.disha.quickride.androidapp.common.AndroidRestClient.AndroidClientLogger: RestClient.callService response code :  200
03-05 07:00:34.874 24726 24930 D com.disha.quickride.androidapp.common.AndroidRestClient.AndroidClientLogger: RestClient.callService response code :  200
03-05 07:02:17.679 24726 24762 D com.facebook.FacebookSdk: getGraphApiVersion: v3.0
03-05 07:02:17.679 24726 24762 D com.facebook.FacebookSdk: getGraphApiVersion: v3.0
--------- beginning of main
03-05 17:22:40.834 26827 26827 D TidaProvider: TidaProvider()
03-05 17:22:40.844 26827 26827 W ReflectionUtils: 
03-05 17:22:40.844 26827 26827 W ReflectionUtils: java.lang.NoSuchMethodException: android.os.MessageQueue#enableMonitor()#bestmatch
03-05 17:22:40.844 26827 26827 W ReflectionUtils: 	at miui.util.ReflectionUtils.findMethodBestMatch(ReflectionUtils.java:338)
03-05 17:22:40.844 26827 26827 W ReflectionUtils: 	at miui.util.ReflectionUtils.findMethodBestMatch(ReflectionUtils.java:375)
03-05 17:22:40.844 26827 26827 W ReflectionUtils: 	at miui.util.ReflectionUtils.callMethod(ReflectionUtils.java:800)
03-05 17:22:40.844 26827 26827 W ReflectionUtils: 	at miui.util.ReflectionUtils.tryCallMethod(ReflectionUtils.java:818)
03-05 17:22:40.844 26827 26827 W ReflectionUtils: 	at android.os.BaseLooper.enableMonitor(BaseLooper.java:47)
03-05 17:22:40.844 26827 26827 W ReflectionUtils: 	at android.os.Looper.prepareMainLooper(Looper.java:112)
03-05 17:22:40.844 26827 26827 W ReflectionUtils: 	at android.app.ActivityThread.main(ActivityThread.java:6221)
03-05 17:22:40.844 26827 26827 W ReflectionUtils: 	at java.lang.reflect.Method.invoke(Native Method)
03-05 17:22:40.844 26827 26827 W ReflectionUtils: 	at com.android.internal.os.ZygoteInit$MethodAndArgsCaller.run(ZygoteInit.java:904)
03-05 17:22:40.844 26827 26827 W ReflectionUtils: 	at com.android.internal.os.ZygoteInit.main(ZygoteInit.java:794)
03-05 17:22:40.845 26827 26827 V BoostFramework: BoostFramework() : mPerf = com.qualcomm.qti.Performance@cf15df2
03-05 17:22:40.949 26827 26827 I art     : Starting a blocking GC AddRemoveAppImageSpace
03-05 17:22:40.962 26827 26827 W System  : ClassLoader referenced unknown path: /data/app/com.disha.quickride-2/lib/arm64
03-05 17:22:40.995 26827 26827 W ResourceType: No package identifier when getting name for resource number 0x00000000
03-05 17:22:41.123 26827 26827 D com.disha.quickride.androidapp.startup.QuickRideApplication: QuickRideApplication is instantiated
03-05 17:22:41.130 26827 26827 I MultiDex: VM with version 2.1.0 has multidex support
03-05 17:22:41.130 26827 26827 I MultiDex: Installing application
03-05 17:22:41.130 26827 26827 I MultiDex: VM has multidex support, MultiDex support library is disabled.
03-05 17:22:41.130 26827 26827 I MultiDex: Installing application
03-05 17:22:41.130 26827 26827 I MultiDex: VM has multidex support, MultiDex support library is disabled.
03-05 17:22:41.257 26827 26827 D FirebaseApp: com.google.firebase.auth.FirebaseAuth is not linked. Skipping initialization.
--------- beginning of main
03-05 17:22:40.834 26827 26827 D TidaProvider: TidaProvider()
03-05 17:22:40.844 26827 26827 W ReflectionUtils: 
03-05 17:22:40.844 26827 26827 W ReflectionUtils: java.lang.NoSuchMethodException: android.os.MessageQueue#enableMonitor()#bestmatch
03-05 17:22:40.844 26827 26827 W ReflectionUtils: 	at miui.util.ReflectionUtils.findMethodBestMatch(ReflectionUtils.java:338)
03-05 17:22:40.844 26827 26827 W ReflectionUtils: 	at miui.util.ReflectionUtils.findMethodBestMatch(ReflectionUtils.java:375)
03-05 17:22:40.844 26827 26827 W ReflectionUtils: 	at miui.util.ReflectionUtils.callMethod(ReflectionUtils.java:800)
03-05 17:22:40.844 26827 26827 W ReflectionUtils: 	at miui.util.ReflectionUtils.tryCallMethod(ReflectionUtils.java:818)
03-05 17:22:40.844 26827 26827 W ReflectionUtils: 	at android.os.BaseLooper.enableMonitor(BaseLooper.java:47)
03-05 17:22:40.844 26827 26827 W ReflectionUtils: 	at android.os.Looper.prepareMainLooper(Looper.java:112)
03-05 17:22:40.844 26827 26827 W ReflectionUtils: 	at android.app.ActivityThread.main(ActivityThread.java:6221)
03-05 17:22:40.844 26827 26827 W ReflectionUtils: 	at java.lang.reflect.Method.invoke(Native Method)
03-05 17:22:40.844 26827 26827 W ReflectionUtils: 	at com.android.internal.os.ZygoteInit$MethodAndArgsCaller.run(ZygoteInit.java:904)
03-05 17:22:40.844 26827 26827 W ReflectionUtils: 	at com.android.internal.os.ZygoteInit.main(ZygoteInit.java:794)
03-05 17:22:40.845 26827 26827 V BoostFramework: BoostFramework() : mPerf = com.qualcomm.qti.Performance@cf15df2
03-05 17:22:41.258 26827 26827 D FirebaseApp: com.google.firebase.crash.FirebaseCrash is not linked. Skipping initialization.
03-05 17:22:40.949 26827 26827 I art     : Starting a blocking GC AddRemoveAppImageSpace
03-05 17:22:41.258 26827 26827 I FirebaseInitProvider: FirebaseApp initialization successful
03-05 17:22:40.962 26827 26827 W System  : ClassLoader referenced unknown path: /data/app/com.disha.quickride-2/lib/arm64
03-05 17:22:41.285 26827 26846 I FA      : App measurement is starting up, version: 14711
03-05 17:22:40.995 26827 26827 W ResourceType: No package identifier when getting name for resource number 0x00000000
03-05 17:22:41.285 26827 26846 I FA      : To enable debug logging run: adb shell setprop log.tag.FA VERBOSE
03-05 17:22:41.123 26827 26827 D com.disha.quickride.androidapp.startup.QuickRideApplication: QuickRideApplication is instantiated
03-05 17:22:41.286 26827 26846 I FA      : To enable faster debug mode event logging run:
03-05 17:22:41.286 26827 26846 I FA      :   adb shell setprop debug.firebase.analytics.app com.disha.quickride
03-05 17:22:41.130 26827 26827 I MultiDex: VM with version 2.1.0 has multidex support
03-05 17:22:41.291 26827 26850 D com.facebook.FacebookSdk: getGraphApiVersion: v3.0
03-05 17:22:41.130 26827 26827 I MultiDex: Installing application
03-05 17:22:41.297 26827 26850 D NetworkSecurityConfig: No Network Security Config specified, using platform default
03-05 17:22:41.130 26827 26827 I MultiDex: VM has multidex support, MultiDex support library is disabled.
03-05 17:22:41.319 26827 26827 D com.disha.quickride.androidapp.startup.QuickRideApplication: QuickRideApplication is created
03-05 17:22:41.130 26827 26827 I MultiDex: Installing application
03-05 17:22:41.323 26827 26827 D com.disha.quickride.androidapp.startup.QuickRideApplication: enabled https protocols null
03-05 17:22:41.130 26827 26827 I MultiDex: VM has multidex support, MultiDex support library is disabled.
03-05 17:22:41.364 26827 26827 I Fabric  : Initializing Crashlytics 2.2.2.37
03-05 17:22:41.257 26827 26827 D FirebaseApp: com.google.firebase.auth.FirebaseAuth is not linked. Skipping initialization.
03-05 17:22:41.382 26827 26876 W Fabric  : Could not call getId on com.google.android.gms.ads.identifier.AdvertisingIdClient$Info
03-05 17:22:41.258 26827 26827 D FirebaseApp: com.google.firebase.crash.FirebaseCrash is not linked. Skipping initialization.
03-05 17:22:41.383 26827 26876 W Fabric  : Could not call isLimitAdTrackingEnabled on com.google.android.gms.ads.identifier.AdvertisingIdClient$Info
03-05 17:22:41.258 26827 26827 I FirebaseInitProvider: FirebaseApp initialization successful
03-05 17:22:41.386 26827 26827 I GAv4    : Google Analytics 12.4.51 is starting up. To enable debug logging on a device run:
03-05 17:22:41.386 26827 26827 I GAv4    :   adb shell setprop log.tag.GAv4 DEBUG
03-05 17:22:41.386 26827 26827 I GAv4    :   adb logcat -s GAv4
03-05 17:22:41.285 26827 26846 I FA      : App measurement is starting up, version: 14711
03-05 17:22:41.417 26827 26827 D com.disha.quickride.androidapp.startup.QuickRideApplication: Initializing Session Manager
03-05 17:22:41.285 26827 26846 I FA      : To enable debug logging run: adb shell setprop log.tag.FA VERBOSE
03-05 17:22:41.419 26827 26885 D com.disha.quickride.androidapp.startup.session.SessionManagerController: Resuming user session
03-05 17:22:41.286 26827 26846 I FA      : To enable faster debug mode event logging run:
03-05 17:22:41.286 26827 26846 I FA      :   adb shell setprop debug.firebase.analytics.app com.disha.quickride
03-05 17:22:41.419 26827 26885 D com.disha.quickride.androidapp.startup.session.SessionManager: Entering createNewSessionManager
03-05 17:22:41.291 26827 26850 D com.facebook.FacebookSdk: getGraphApiVersion: v3.0
03-05 17:22:41.429 26827 26885 D com.disha.quickride.androidapp.startup.session.SessionManager: Found Persistent session for user 80505594696653
03-05 17:22:41.297 26827 26850 D NetworkSecurityConfig: No Network Security Config specified, using platform default
03-05 17:22:41.430 26827 26885 D com.disha.quickride.androidapp.startup.session.SessionManager: Entering onResumeUserSession
03-05 17:22:41.319 26827 26827 D com.disha.quickride.androidapp.startup.QuickRideApplication: QuickRideApplication is created
03-05 17:22:41.430 26827 26827 W DynamiteModule: Local module descriptor class for providerinstaller not found.
03-05 17:22:41.323 26827 26827 D com.disha.quickride.androidapp.startup.QuickRideApplication: enabled https protocols null
03-05 17:22:41.430 26827 26885 D com.disha.quickride.androidapp.startup.session.SessionManager: Performing session change operation on com.disha.quickride.androidapp.common.serverConfig.ClientConfigurationModuleSessionManager@678d40e
03-05 17:22:41.364 26827 26827 I Fabric  : Initializing Crashlytics 2.2.2.37
03-05 17:22:41.430 26827 26885 D com.disha.quickride.androidapp.common.serverConfig.ClientConfigurationModuleSessionManager: Resuming basic user session
03-05 17:22:41.382 26827 26876 W Fabric  : Could not call getId on com.google.android.gms.ads.identifier.AdvertisingIdClient$Info
03-05 17:22:41.383 26827 26876 W Fabric  : Could not call isLimitAdTrackingEnabled on com.google.android.gms.ads.identifier.AdvertisingIdClient$Info
03-05 17:22:41.386 26827 26827 I GAv4    : Google Analytics 12.4.51 is starting up. To enable debug logging on a device run:
03-05 17:22:41.386 26827 26827 I GAv4    :   adb shell setprop log.tag.GAv4 DEBUG
03-05 17:22:41.386 26827 26827 I GAv4    :   adb logcat -s GAv4
03-05 17:22:41.417 26827 26827 D com.disha.quickride.androidapp.startup.QuickRideApplication: Initializing Session Manager
03-05 17:22:41.419 26827 26885 D com.disha.quickride.androidapp.startup.session.SessionManagerController: Resuming user session
03-05 17:22:41.438 26827 26827 I DynamiteModule: Considering local module providerinstaller:0 and remote module providerinstaller:0
03-05 17:22:41.419 26827 26885 D com.disha.quickride.androidapp.startup.session.SessionManager: Entering createNewSessionManager
03-05 17:22:41.438 26827 26827 W ProviderInstaller: Failed to load providerinstaller module: No acceptable module found. Local version is 0 and remote version is 0.
03-05 17:22:41.429 26827 26885 D com.disha.quickride.androidapp.startup.session.SessionManager: Found Persistent session for user 80505594696653
03-05 17:22:41.440 26827 26885 D com.disha.quickride.androidapp.common.serverConfig.ConfigurationCache: locationMgmtEventBrokerURL = tcp://locevents.getquickride.com:1883
03-05 17:22:41.430 26827 26885 D com.disha.quickride.androidapp.startup.session.SessionManager: Entering onResumeUserSession
03-05 17:22:41.441 26827 26885 D com.disha.quickride.androidapp.startup.session.SessionManager: Performing session change operation on com.disha.quickride.androidapp.usermgmt.UserModuleSessionManager@2f4a779
03-05 17:22:41.430 26827 26827 W DynamiteModule: Local module descriptor class for providerinstaller not found.
03-05 17:22:41.441 26827 26885 D com.disha.quickride.androidapp.usermgmt.UserModuleSessionManager: Resume basic user session
03-05 17:22:41.430 26827 26885 D com.disha.quickride.androidapp.startup.session.SessionManager: Performing session change operation on com.disha.quickride.androidapp.common.serverConfig.ClientConfigurationModuleSessionManager@678d40e
03-05 17:22:41.451 26827 26885 W Java7Support: Unable to load JDK7 types (annotations, java.nio.file.Path): no Java7 support added
03-05 17:22:41.430 26827 26885 D com.disha.quickride.androidapp.common.serverConfig.ClientConfigurationModuleSessionManager: Resuming basic user session
03-05 17:22:41.476 26827 26827 D ApplicationLoaders: ignored Vulkan layer search path /data/app/com.google.android.gms-1/lib/arm64:/data/app/com.google.android.gms-1/base.apk!/lib/arm64-v8a for namespace 0x7f85679160
03-05 17:22:41.438 26827 26827 I DynamiteModule: Considering local module providerinstaller:0 and remote module providerinstaller:0
03-05 17:22:41.476 26827 26827 W ResourceType: No package identifier when getting name for resource number 0x00000000
03-05 17:22:41.438 26827 26827 W ProviderInstaller: Failed to load providerinstaller module: No acceptable module found. Local version is 0 and remote version is 0.
03-05 17:22:41.532 26827 26827 V NativeCrypto: Registering com/google/android/gms/org/conscrypt/NativeCrypto's 287 native methods...
03-05 17:22:41.440 26827 26885 D com.disha.quickride.androidapp.common.serverConfig.ConfigurationCache: locationMgmtEventBrokerURL = tcp://locevents.getquickride.com:1883
03-05 17:22:41.585 26827 26827 I ProviderInstaller: Installed default security provider GmsCore_OpenSSL
03-05 17:22:41.441 26827 26885 D com.disha.quickride.androidapp.startup.session.SessionManager: Performing session change operation on com.disha.quickride.androidapp.usermgmt.UserModuleSessionManager@2f4a779
03-05 17:22:41.602 26827 26827 E FirebaseInstanceId: Error while delivering the message: ServiceIntent not found.
03-05 17:22:41.441 26827 26885 D com.disha.quickride.androidapp.usermgmt.UserModuleSessionManager: Resume basic user session
03-05 17:22:41.451 26827 26885 W Java7Support: Unable to load JDK7 types (annotations, java.nio.file.Path): no Java7 support added
03-05 17:22:41.476 26827 26827 D ApplicationLoaders: ignored Vulkan layer search path /data/app/com.google.android.gms-1/lib/arm64:/data/app/com.google.android.gms-1/base.apk!/lib/arm64-v8a for namespace 0x7f85679160
03-05 17:22:41.476 26827 26827 W ResourceType: No package identifier when getting name for resource number 0x00000000
03-05 17:22:41.532 26827 26827 V NativeCrypto: Registering com/google/android/gms/org/conscrypt/NativeCrypto's 287 native methods...
03-05 17:22:41.585 26827 26827 I ProviderInstaller: Installed default security provider GmsCore_OpenSSL
03-05 17:22:41.602 26827 26827 E FirebaseInstanceId: Error while delivering the message: ServiceIntent not found.
03-05 17:22:41.668 26827 26892 D com.disha.quickride.androidapp.notification.GcmKeepAliveTask: Sending heart beat to keep GCM connection alive
03-05 17:22:41.668 26827 26892 D com.disha.quickride.androidapp.notification.GcmKeepAliveTask: Sending heart beat to keep GCM connection alive
03-05 17:22:41.695 26827 26853 D com.facebook.FacebookSdk: getGraphApiVersion: v3.0
03-05 17:22:41.695 26827 26853 D com.facebook.FacebookSdk: getGraphApiVersion: v3.0
03-05 17:22:41.710 26827 26892 D com.disha.quickride.androidapp.common.AndroidRestClient.AndroidClientLogger: RestClient.callService with httpRequestMethod =  GET
03-05 17:22:41.710 26827 26892 D com.disha.quickride.androidapp.common.AndroidRestClient.AndroidClientLogger: RestClient.callService with httpRequestMethod =  GET
03-05 17:22:41.789 26827 26850 D com.facebook.FacebookSdk: getGraphApiVersion: v3.0
03-05 17:22:41.789 26827 26850 D com.facebook.FacebookSdk: getGraphApiVersion: v3.0
03-05 17:22:41.834 26827 26832 I art     : Do partial code cache collection, code=20KB, data=30KB
03-05 17:22:41.834 26827 26832 I art     : Do partial code cache collection, code=20KB, data=30KB
03-05 17:22:41.834 26827 26832 I art     : After code cache collection, code=20KB, data=30KB
03-05 17:22:41.834 26827 26832 I art     : After code cache collection, code=20KB, data=30KB
03-05 17:22:41.834 26827 26832 I art     : Increasing code cache capacity to 128KB
03-05 17:22:41.834 26827 26832 I art     : Increasing code cache capacity to 128KB
03-05 17:22:42.077 26827 26832 I art     : Do partial code cache collection, code=57KB, data=59KB
03-05 17:22:42.077 26827 26832 I art     : Do partial code cache collection, code=57KB, data=59KB
03-05 17:22:42.090 26827 26832 I art     : After code cache collection, code=57KB, data=60KB
03-05 17:22:42.090 26827 26832 I art     : After code cache collection, code=57KB, data=60KB
03-05 17:22:42.090 26827 26832 I art     : Increasing code cache capacity to 256KB
03-05 17:22:42.090 26827 26832 I art     : Increasing code cache capacity to 256KB
03-05 17:22:42.214 26827 26892 D com.disha.quickride.androidapp.common.AndroidRestClient.AndroidClientLogger: RestClient.callService response code :  200
03-05 17:22:42.214 26827 26892 D com.disha.quickride.androidapp.common.AndroidRestClient.AndroidClientLogger: RestClient.callService response code :  200
03-05 17:22:42.247 26827 26897 D com.disha.quickride.androidapp.conversation.ConversationChatRestServiceClient: getPendingChatMessages80505594696653
03-05 17:22:42.247 26827 26897 D com.disha.quickride.androidapp.conversation.ConversationChatRestServiceClient: getPendingChatMessages80505594696653
03-05 17:22:42.249 26827 26897 D com.disha.quickride.androidapp.notification.GcmKeepAliveTask: Sending heart beat to keep GCM connection alive
03-05 17:22:42.249 26827 26897 D com.disha.quickride.androidapp.notification.GcmKeepAliveTask: Sending heart beat to keep GCM connection alive
03-05 17:22:42.289 26827 26897 D com.disha.quickride.androidapp.common.AndroidRestClient.AndroidClientLogger: RestClient.callService with httpRequestMethod =  GET
03-05 17:22:42.289 26827 26897 D com.disha.quickride.androidapp.common.AndroidRestClient.AndroidClientLogger: RestClient.callService with httpRequestMethod =  GET
03-05 17:22:42.373 26827 26885 D com.disha.quickride.androidapp.startup.session.SessionManager: Performing session change operation on com.disha.quickride.androidapp.event.EventModuleSessionManager@7c021ca
